18:44:27 **** Incremental Build of configuration Debug for project vfat3_sdk ****
make all 
make: Nothing to be done for `all'.

18:44:27 Build Finished (took 148ms)

18:44:27 **** Clean-only build of configuration Release for project vfat3_sdk ****
make clean 
rm -rf  ./src/echo.o ./src/iic_phyreset.o ./src/main.o  ./src/echo.d ./src/iic_phyreset.d ./src/main.d  vfat3_sdk.elf.size  vfat3_sdk.elf
 
18:44:27 **** Incremental Build of configuration Release for project vfat3_sdk ****
make all 
Building file: ../src/echo.c
Invoking: MicroBlaze gcc compiler
mb-gcc -Wall -O2 -c -fmessage-length=0 -MT"src/echo.o" -mxl-frequency -I../../vfat3_sdk_bsp/microblaze_0/include -mlittle-endian -mxl-barrel-shift -mxl-pattern-compare -mno-xl-soft-div -mcpu=v10.0 -mno-xl-soft-mul -mxl-multiply-high -mhard-float -mxl-float-convert -mxl-float-sqrt -Wl,--no-relax -ffunction-sections -fdata-sections -MMD -MP -MF"src/echo.d" -MT"src/echo.o" -o "src/echo.o" "../src/echo.c"
../src/echo.c: In function 'send_sync_command':
../src/echo.c:285:5: warning: implicit declaration of function 'usleep' [-Wimplicit-function-declaration]
     usleep(1000);usleep(1000);usleep(1000);
     ^~~~~~
../src/echo.c:254:8: warning: variable 'Error' set but not used [-Wunused-but-set-variable]
    int Error;
        ^~~~~
../src/echo.c: In function 'Receive_fast_command':
../src/echo.c:451:5: warning: unused variable 'PKT_LEN' [-Wunused-variable]
  u8 PKT_LEN=22;
     ^~~~~~~
../src/echo.c:450:5: warning: unused variable 'indexx' [-Wunused-variable]
  u8 indexx;
     ^~~~~~
../src/echo.c:449:5: warning: unused variable 'loop' [-Wunused-variable]
  u8 loop;
     ^~~~
../src/echo.c:448:5: warning: unused variable 'Header' [-Wunused-variable]
  u8 Header;
     ^~~~~~
../src/echo.c:446:8: warning: unused variable 'j' [-Wunused-variable]
  u32 i,j;
        ^
../src/echo.c:446:6: warning: unused variable 'i' [-Wunused-variable]
  u32 i,j;
      ^
In file included from ../src/echo.c:45:0:
../src/echo.c: In function 'Initialize_everything':
../../vfat3_sdk_bsp/microblaze_0/include/xstatus.h:65:41: warning: 'return' with a value, in function returning void
 #define XST_FAILURE                     1L
                                         ^
../src/echo.c:579:11: note: in expansion of macro 'XST_FAILURE'
    return XST_FAILURE;
           ^~~~~~~~~~~
../src/echo.c:565:6: note: declared here
 void Initialize_everything()
      ^~~~~~~~~~~~~~~~~~~~~
In file included from ../src/echo.c:45:0:
../../vfat3_sdk_bsp/microblaze_0/include/xstatus.h:64:41: warning: 'return' with a value, in function returning void
 #define XST_SUCCESS                     0L
                                         ^
../src/echo.c:665:9: note: in expansion of macro 'XST_SUCCESS'
  return XST_SUCCESS;
         ^~~~~~~~~~~
../src/echo.c:565:6: note: declared here
 void Initialize_everything()
      ^~~~~~~~~~~~~~~~~~~~~
../src/echo.c: In function 'Initialize_fifo':
../src/echo.c:876:7: warning: unused variable 'Error' [-Wunused-variable]
   int Error;
       ^~~~~
../src/echo.c:875:7: warning: unused variable 'i' [-Wunused-variable]
   int i;
       ^
../src/echo.c: In function 'RxReceive':
../src/echo.c:914:6: warning: unused variable 'Status' [-Wunused-variable]
  int Status;
      ^~~~~~
../src/echo.c: In function 'XLlFifoPollingExample':
../src/echo.c:999:6: warning: variable 'Error' set but not used [-Wunused-but-set-variable]
  int Error;
      ^~~~~
../src/echo.c:998:6: warning: unused variable 'i' [-Wunused-variable]
  int i;
      ^
../src/echo.c:995:18: warning: unused variable 'Config' [-Wunused-variable]
  XLlFifo_Config *Config;
                  ^~~~~~
../src/echo.c: In function 'TxSend':
../src/echo.c:1108:6: warning: unused variable 'j' [-Wunused-variable]
  u32 j;
      ^
../src/echo.c:1107:6: warning: unused variable 'i' [-Wunused-variable]
  u32 i;
      ^
In file included from ../src/echo.c:45:0:
../src/echo.c: In function 'check_fifo':
../../vfat3_sdk_bsp/microblaze_0/include/xstatus.h:65:41: warning: 'return' with a value, in function returning void
 #define XST_FAILURE                     1L
                                         ^
../src/echo.c:1184:10: note: in expansion of macro 'XST_FAILURE'
   return XST_FAILURE;
          ^~~~~~~~~~~
../src/echo.c:1157:6: note: declared here
 void check_fifo(u32  *SourceAddr,u32 data_len,u8 verbose_mode)
      ^~~~~~~~~~
In file included from ../src/echo.c:45:0:
../../vfat3_sdk_bsp/microblaze_0/include/xstatus.h:64:41: warning: 'return' with a value, in function returning void
 #define XST_SUCCESS                     0L
                                         ^
../src/echo.c:1190:9: note: in expansion of macro 'XST_SUCCESS'
  return XST_SUCCESS;
         ^~~~~~~~~~~
../src/echo.c:1157:6: note: declared here
 void check_fifo(u32  *SourceAddr,u32 data_len,u8 verbose_mode)
      ^~~~~~~~~~
../src/echo.c:1160:5: warning: unused variable 'i' [-Wunused-variable]
 u32 i;
     ^
../src/echo.c: At top level:
../src/echo.c:1223:9: warning: type defaults to 'int' in declaration of 'crc_ok' [-Wimplicit-int]
 extern  crc_ok;
         ^~~~~~
../src/echo.c: In function 'HDLC_Rx':
../src/echo.c:1776:49: warning: pointer targets in passing argument 1 of 'crc16' differ in signedness [-Wpointer-sign]
                           crc_calculated= crc16(rcv_arr,k+1);
                                                 ^~~~~~~
../src/echo.c:1271:14: note: expected 'char *' but argument is of type 'u8 * {aka unsigned char *}'
 unsigned int crc16(char *data_p, unsigned short length)
              ^~~~~
../src/echo.c:1351:4: warning: unused variable 'type_id' [-Wunused-variable]
 u8 type_id=0xaa;
    ^~~~~~~
../src/echo.c:1309:5: warning: unused variable 'hdlc_control' [-Wunused-variable]
  u8 hdlc_control = 0xff;
     ^~~~~~~~~~~~
../src/echo.c:1308:5: warning: unused variable 'hdlc_address' [-Wunused-variable]
  u8 hdlc_address = 0xff;
     ^~~~~~~~~~~~
../src/echo.c: In function 'HDLC_Tx':
../src/echo.c:1876:17: warning: pointer targets in passing argument 1 of 'crc16' differ in signedness [-Wpointer-sign]
   ut1.crc=crc16(hdlc_tx, length);
                 ^~~~~~~
../src/echo.c:1271:14: note: expected 'char *' but argument is of type 'u8 * {aka unsigned char *}'
 unsigned int crc16(char *data_p, unsigned short length)
              ^~~~~
../src/echo.c:1998:26: warning: array subscript has type 'char' [-Wchar-subscripts]
    ZeroInsertion_location[j]=i+1;
                          ^
In file included from ../src/echo.c:45:0:
../../vfat3_sdk_bsp/microblaze_0/include/xstatus.h:65:41: warning: 'return' with a value, in function returning void
 #define XST_FAILURE                     1L
                                         ^
../src/echo.c:2051:11: note: in expansion of macro 'XST_FAILURE'
    return XST_FAILURE;
           ^~~~~~~~~~~
../src/echo.c:1823:6: note: declared here
 void HDLC_Tx(XLlFifo *InstancePtr,u32 register_address, u32 register_data,u8 mode,u32* SourceAddr,u8 verbose_mode)
      ^~~~~~~
../src/echo.c: In function 'ReadADC':
../src/echo.c:2102:12: warning: variable 'status' set but not used [-Wunused-but-set-variable]
  unsigned  status;
            ^~~~~~
../src/echo.c: In function 'AdjustIref':
../src/echo.c:2265:12: warning: format '%x' expects argument of type 'unsigned int', but argument 2 has type 'u32 {aka long unsigned int}' [-Wformat=]
   printf("%x ,  %f mv\r\n",register_data, imon_adc);
            ^
../src/echo.c:2281:17: warning: format '%x' expects argument of type 'unsigned int', but argument 2 has type 'u32 {aka long unsigned int}' [-Wformat=]
  printf("Iref= %x , imon= %f mv  adc_value= %x\r\n",register_data, imon_adc,adc_value);
                 ^
../src/echo.c:2287:15: warning: passing argument 2 of 'SendReply' from incompatible pointer type [-Wincompatible-pointer-types]
  SendReply(sd,LUT_CAL_DAC,6);
               ^~~~~~~~~~~
../src/echo.c:136:6: note: expected 'u32 * {aka long unsigned int *}' but argument is of type 'short int *'
 void SendReply(int sd,u32 *Buffer, u32 length);
      ^~~~~~~~~
../src/echo.c: In function 'CalibrateADC':
../src/echo.c:2392:42: warning: format '%X' expects argument of type 'unsigned int', but argument 2 has type 'u32 {aka long unsigned int}' [-Wformat=]
     printf("GBL_CFG_CTR_4 write_value = %X ,  read_value = %X, %d\r\n",register_data,read_data,register_data==read_data);
                                          ^
../src/echo.c:2392:61: warning: format '%X' expects argument of type 'unsigned int', but argument 3 has type 'u32 {aka long unsigned int}' [-Wformat=]
     printf("GBL_CFG_CTR_4 write_value = %X ,  read_value = %X, %d\r\n",register_data,read_data,register_data==read_data);
                                                             ^
../src/echo.c:2452:19: warning: passing argument 2 of 'SendReply' from incompatible pointer type [-Wincompatible-pointer-types]
      SendReply(sd,LUT_CAL_DAC,i*2);
                   ^~~~~~~~~~~
../src/echo.c:136:6: note: expected 'u32 * {aka long unsigned int *}' but argument is of type 'short int *'
 void SendReply(int sd,u32 *Buffer, u32 length);
      ^~~~~~~~~
../src/echo.c:2303:12: warning: variable 'adc_1' set but not used [-Wunused-but-set-variable]
  u32 adc_0,adc_1;
            ^~~~~
../src/echo.c:2303:6: warning: variable 'adc_0' set but not used [-Wunused-but-set-variable]
  u32 adc_0,adc_1;
      ^~~~~
../src/echo.c: In function 'CalibrateCAL_DAC':
../src/echo.c:2639:19: warning: passing argument 2 of 'SendReply' from incompatible pointer type [-Wincompatible-pointer-types]
      SendReply(sd,BV,2);
                   ^~
../src/echo.c:136:6: note: expected 'u32 * {aka long unsigned int *}' but argument is of type 'u16 * {aka short unsigned int *}'
 void SendReply(int sd,u32 *Buffer, u32 length);
      ^~~~~~~~~
../src/echo.c:2640:19: warning: passing argument 2 of 'SendReply' from incompatible pointer type [-Wincompatible-pointer-types]
      SendReply(sd,LUT_CAL_DAC,index*2);
                   ^~~~~~~~~~~
../src/echo.c:136:6: note: expected 'u32 * {aka long unsigned int *}' but argument is of type 'short int *'
 void SendReply(int sd,u32 *Buffer, u32 length);
      ^~~~~~~~~
../src/echo.c:2547:36: warning: unused variable 'charge' [-Wunused-variable]
  double step_voltage, base_voltage,charge = 0;
                                    ^~~~~~
../src/echo.c:2547:23: warning: unused variable 'base_voltage' [-Wunused-variable]
  double step_voltage, base_voltage,charge = 0;
                       ^~~~~~~~~~~~
../src/echo.c:2547:9: warning: unused variable 'step_voltage' [-Wunused-variable]
  double step_voltage, base_voltage,charge = 0;
         ^~~~~~~~~~~~
../src/echo.c: In function 'Scurve':
../src/echo.c:2877:29: warning: passing argument 2 of 'SendReply' from incompatible pointer type [-Wincompatible-pointer-types]
                SendReply(sd,scurve_arr,length_scurve);
                             ^~~~~~~~~~
../src/echo.c:136:6: note: expected 'u32 * {aka long unsigned int *}' but argument is of type 'u8 * {aka unsigned char *}'
 void SendReply(int sd,u32 *Buffer, u32 length);
      ^~~~~~~~~
../src/echo.c:2655:5: warning: unused variable 'p' [-Wunused-variable]
 u64 p=9;
     ^
../src/echo.c: In function 'DecodeDataPacket':
../src/echo.c:2910:5: warning: unused variable 'PKT_LEN' [-Wunused-variable]
  u8 PKT_LEN=22;
     ^~~~~~~
../src/echo.c:2908:5: warning: unused variable 'loop' [-Wunused-variable]
  u8 loop;
     ^~~~
../src/echo.c:2907:5: warning: unused variable 'Header' [-Wunused-variable]
  u8 Header;
     ^~~~~~
../src/echo.c: In function 'echo_application_thread':
../src/echo.c:3128:28: warning: passing argument 2 of 'sys_thread_new' from incompatible pointer type [-Wincompatible-pointer-types]
    sys_thread_new("echos", process_echo_request,
                            ^~~~~~~~~~~~~~~~~~~~
In file included from ../../vfat3_sdk_bsp/microblaze_0/include/netif/xadapter.h:46:0,
                 from ../src/echo.c:37:
../../vfat3_sdk_bsp/microblaze_0/include/lwip/sys.h:230:14: note: expected 'lwip_thread_fn {aka void (*)(void *)}' but argument is of type 'void (*)(void *, XLlFifo *) {aka void (*)(void *, struct XLlFifo *)}'
 sys_thread_t sys_thread_new(const char *name, lwip_thread_fn thread, void *arg, int stacksize, int prio);
              ^~~~~~~~~~~~~~
Finished building: ../src/echo.c
 
Building file: ../src/iic_phyreset.c
Invoking: MicroBlaze gcc compiler
mb-gcc -Wall -O2 -c -fmessage-length=0 -MT"src/iic_phyreset.o" -mxl-frequency -I../../vfat3_sdk_bsp/microblaze_0/include -mlittle-endian -mxl-barrel-shift -mxl-pattern-compare -mno-xl-soft-div -mcpu=v10.0 -mno-xl-soft-mul -mxl-multiply-high -mhard-float -mxl-float-convert -mxl-float-sqrt -Wl,--no-relax -ffunction-sections -fdata-sections -MMD -MP -MF"src/iic_phyreset.d" -MT"src/iic_phyreset.o" -o "src/iic_phyreset.o" "../src/iic_phyreset.c"
Finished building: ../src/iic_phyreset.c
 
Building file: ../src/main.c
Invoking: MicroBlaze gcc compiler
mb-gcc -Wall -O2 -c -fmessage-length=0 -MT"src/main.o" -mxl-frequency -I../../vfat3_sdk_bsp/microblaze_0/include -mlittle-endian -mxl-barrel-shift -mxl-pattern-compare -mno-xl-soft-div -mcpu=v10.0 -mno-xl-soft-mul -mxl-multiply-high -mhard-float -mxl-float-convert -mxl-float-sqrt -Wl,--no-relax -ffunction-sections -fdata-sections -MMD -MP -MF"src/main.d" -MT"src/main.o" -o "src/main.o" "../src/main.c"
Finished building: ../src/main.c
 
Building target: vfat3_sdk.elf
Invoking: MicroBlaze gcc linker
mb-gcc -Wl,-T -Wl,../src/lscript.ld -L../../vfat3_sdk_bsp/microblaze_0/lib -mlittle-endian -mxl-barrel-shift -mxl-pattern-compare -mno-xl-soft-div -mcpu=v10.0 -mno-xl-soft-mul -mxl-multiply-high -mhard-float -mxl-float-convert -mxl-float-sqrt -Wl,--no-relax -Wl,--gc-sections -o "vfat3_sdk.elf"  ./src/echo.o ./src/iic_phyreset.o ./src/main.o   -Wl,--start-group,-lxil,-lfreertos,-lgcc,-lc,--end-group -Wl,--start-group,-lxil,-llwip4,-lgcc,-lc,--end-group
Finished building target: vfat3_sdk.elf
 
Invoking: MicroBlaze Print Size
mb-size vfat3_sdk.elf  |tee "vfat3_sdk.elf.size"
   text	   data	    bss	    dec	    hex	filename
 205185	   1824	3953891	4160900	 3f7d84	vfat3_sdk.elf
Finished building: vfat3_sdk.elf.size
 
18:48:59 **** Clean-only build of configuration Debug for project vfat3_sdk ****
make clean 
rm -rf  ./src/echo.o ./src/iic_phyreset.o ./src/main.o  ./src/echo.d ./src/iic_phyreset.d ./src/main.d  vfat3_sdk.elf.size  vfat3_sdk.elf
 
18:48:59 **** Auto Build of configuration Debug for project vfat3_sdk ****
make all 
Building file: ../src/echo.c
Invoking: MicroBlaze gcc compiler
mb-gcc -Wall -O3 -g3 -c -fmessage-length=0 -MT"src/echo.o" -mxl-frequency -I../../vfat3_sdk_bsp/microblaze_0/include -mlittle-endian -mxl-barrel-shift -mxl-pattern-compare -mno-xl-soft-div -mcpu=v10.0 -mno-xl-soft-mul -mxl-multiply-high -mhard-float -mxl-float-convert -mxl-float-sqrt -Wl,--no-relax -ffunction-sections -fdata-sections -MMD -MP -MF"src/echo.d" -MT"src/echo.o" -o "src/echo.o" "../src/echo.c"
../src/echo.c: In function 'send_sync_command':
../src/echo.c:285:5: warning: implicit declaration of function 'usleep' [-Wimplicit-function-declaration]
     usleep(1000);usleep(1000);usleep(1000);
     ^~~~~~
../src/echo.c:254:8: warning: variable 'Error' set but not used [-Wunused-but-set-variable]
    int Error;
        ^~~~~
../src/echo.c: In function 'Receive_fast_command':
../src/echo.c:451:5: warning: unused variable 'PKT_LEN' [-Wunused-variable]
  u8 PKT_LEN=22;
     ^~~~~~~
../src/echo.c:450:5: warning: unused variable 'indexx' [-Wunused-variable]
  u8 indexx;
     ^~~~~~
../src/echo.c:449:5: warning: unused variable 'loop' [-Wunused-variable]
  u8 loop;
     ^~~~
../src/echo.c:448:5: warning: unused variable 'Header' [-Wunused-variable]
  u8 Header;
     ^~~~~~
../src/echo.c:446:8: warning: unused variable 'j' [-Wunused-variable]
  u32 i,j;
        ^
../src/echo.c:446:6: warning: unused variable 'i' [-Wunused-variable]
  u32 i,j;
      ^
In file included from ../src/echo.c:45:0:
../src/echo.c: In function 'Initialize_everything':
../../vfat3_sdk_bsp/microblaze_0/include/xstatus.h:65:41: warning: 'return' with a value, in function returning void
 #define XST_FAILURE                     1L
                                         ^
../src/echo.c:579:11: note: in expansion of macro 'XST_FAILURE'
    return XST_FAILURE;
           ^~~~~~~~~~~
../src/echo.c:565:6: note: declared here
 void Initialize_everything()
      ^~~~~~~~~~~~~~~~~~~~~
In file included from ../src/echo.c:45:0:
../../vfat3_sdk_bsp/microblaze_0/include/xstatus.h:64:41: warning: 'return' with a value, in function returning void
 #define XST_SUCCESS                     0L
                                         ^
../src/echo.c:665:9: note: in expansion of macro 'XST_SUCCESS'
  return XST_SUCCESS;
         ^~~~~~~~~~~
../src/echo.c:565:6: note: declared here
 void Initialize_everything()
      ^~~~~~~~~~~~~~~~~~~~~
../src/echo.c: In function 'Initialize_fifo':
../src/echo.c:876:7: warning: unused variable 'Error' [-Wunused-variable]
   int Error;
       ^~~~~
../src/echo.c:875:7: warning: unused variable 'i' [-Wunused-variable]
   int i;
       ^
../src/echo.c: In function 'RxReceive':
../src/echo.c:914:6: warning: unused variable 'Status' [-Wunused-variable]
  int Status;
      ^~~~~~
../src/echo.c: In function 'XLlFifoPollingExample':
../src/echo.c:999:6: warning: variable 'Error' set but not used [-Wunused-but-set-variable]
  int Error;
      ^~~~~
../src/echo.c:998:6: warning: unused variable 'i' [-Wunused-variable]
  int i;
      ^
../src/echo.c:995:18: warning: unused variable 'Config' [-Wunused-variable]
  XLlFifo_Config *Config;
                  ^~~~~~
../src/echo.c: In function 'TxSend':
../src/echo.c:1108:6: warning: unused variable 'j' [-Wunused-variable]
  u32 j;
      ^
../src/echo.c:1107:6: warning: unused variable 'i' [-Wunused-variable]
  u32 i;
      ^
In file included from ../src/echo.c:45:0:
../src/echo.c: In function 'check_fifo':
../../vfat3_sdk_bsp/microblaze_0/include/xstatus.h:65:41: warning: 'return' with a value, in function returning void
 #define XST_FAILURE                     1L
                                         ^
../src/echo.c:1184:10: note: in expansion of macro 'XST_FAILURE'
   return XST_FAILURE;
          ^~~~~~~~~~~
../src/echo.c:1157:6: note: declared here
 void check_fifo(u32  *SourceAddr,u32 data_len,u8 verbose_mode)
      ^~~~~~~~~~
In file included from ../src/echo.c:45:0:
../../vfat3_sdk_bsp/microblaze_0/include/xstatus.h:64:41: warning: 'return' with a value, in function returning void
 #define XST_SUCCESS                     0L
                                         ^
../src/echo.c:1190:9: note: in expansion of macro 'XST_SUCCESS'
  return XST_SUCCESS;
         ^~~~~~~~~~~
../src/echo.c:1157:6: note: declared here
 void check_fifo(u32  *SourceAddr,u32 data_len,u8 verbose_mode)
      ^~~~~~~~~~
../src/echo.c:1160:5: warning: unused variable 'i' [-Wunused-variable]
 u32 i;
     ^
../src/echo.c: At top level:
../src/echo.c:1223:9: warning: type defaults to 'int' in declaration of 'crc_ok' [-Wimplicit-int]
 extern  crc_ok;
         ^~~~~~
../src/echo.c: In function 'HDLC_Rx':
../src/echo.c:1776:49: warning: pointer targets in passing argument 1 of 'crc16' differ in signedness [-Wpointer-sign]
                           crc_calculated= crc16(rcv_arr,k+1);
                                                 ^~~~~~~
../src/echo.c:1271:14: note: expected 'char *' but argument is of type 'u8 * {aka unsigned char *}'
 unsigned int crc16(char *data_p, unsigned short length)
              ^~~~~
../src/echo.c:1351:4: warning: unused variable 'type_id' [-Wunused-variable]
 u8 type_id=0xaa;
    ^~~~~~~
../src/echo.c:1309:5: warning: unused variable 'hdlc_control' [-Wunused-variable]
  u8 hdlc_control = 0xff;
     ^~~~~~~~~~~~
../src/echo.c:1308:5: warning: unused variable 'hdlc_address' [-Wunused-variable]
  u8 hdlc_address = 0xff;
     ^~~~~~~~~~~~
../src/echo.c: In function 'HDLC_Tx':
../src/echo.c:1876:17: warning: pointer targets in passing argument 1 of 'crc16' differ in signedness [-Wpointer-sign]
   ut1.crc=crc16(hdlc_tx, length);
                 ^~~~~~~
../src/echo.c:1271:14: note: expected 'char *' but argument is of type 'u8 * {aka unsigned char *}'
 unsigned int crc16(char *data_p, unsigned short length)
              ^~~~~
../src/echo.c:1998:26: warning: array subscript has type 'char' [-Wchar-subscripts]
    ZeroInsertion_location[j]=i+1;
                          ^
In file included from ../src/echo.c:45:0:
../../vfat3_sdk_bsp/microblaze_0/include/xstatus.h:65:41: warning: 'return' with a value, in function returning void
 #define XST_FAILURE                     1L
                                         ^
../src/echo.c:2051:11: note: in expansion of macro 'XST_FAILURE'
    return XST_FAILURE;
           ^~~~~~~~~~~
../src/echo.c:1823:6: note: declared here
 void HDLC_Tx(XLlFifo *InstancePtr,u32 register_address, u32 register_data,u8 mode,u32* SourceAddr,u8 verbose_mode)
      ^~~~~~~
../src/echo.c: In function 'ReadADC':
../src/echo.c:2102:12: warning: variable 'status' set but not used [-Wunused-but-set-variable]
  unsigned  status;
            ^~~~~~
../src/echo.c: In function 'AdjustIref':
../src/echo.c:2265:12: warning: format '%x' expects argument of type 'unsigned int', but argument 2 has type 'u32 {aka long unsigned int}' [-Wformat=]
   printf("%x ,  %f mv\r\n",register_data, imon_adc);
            ^
../src/echo.c:2281:17: warning: format '%x' expects argument of type 'unsigned int', but argument 2 has type 'u32 {aka long unsigned int}' [-Wformat=]
  printf("Iref= %x , imon= %f mv  adc_value= %x\r\n",register_data, imon_adc,adc_value);
                 ^
../src/echo.c:2287:15: warning: passing argument 2 of 'SendReply' from incompatible pointer type [-Wincompatible-pointer-types]
  SendReply(sd,LUT_CAL_DAC,6);
               ^~~~~~~~~~~
../src/echo.c:136:6: note: expected 'u32 * {aka long unsigned int *}' but argument is of type 'short int *'
 void SendReply(int sd,u32 *Buffer, u32 length);
      ^~~~~~~~~
../src/echo.c: In function 'CalibrateADC':
../src/echo.c:2392:42: warning: format '%X' expects argument of type 'unsigned int', but argument 2 has type 'u32 {aka long unsigned int}' [-Wformat=]
     printf("GBL_CFG_CTR_4 write_value = %X ,  read_value = %X, %d\r\n",register_data,read_data,register_data==read_data);
                                          ^
../src/echo.c:2392:61: warning: format '%X' expects argument of type 'unsigned int', but argument 3 has type 'u32 {aka long unsigned int}' [-Wformat=]
     printf("GBL_CFG_CTR_4 write_value = %X ,  read_value = %X, %d\r\n",register_data,read_data,register_data==read_data);
                                                             ^
../src/echo.c:2452:19: warning: passing argument 2 of 'SendReply' from incompatible pointer type [-Wincompatible-pointer-types]
      SendReply(sd,LUT_CAL_DAC,i*2);
                   ^~~~~~~~~~~
../src/echo.c:136:6: note: expected 'u32 * {aka long unsigned int *}' but argument is of type 'short int *'
 void SendReply(int sd,u32 *Buffer, u32 length);
      ^~~~~~~~~
../src/echo.c:2303:12: warning: variable 'adc_1' set but not used [-Wunused-but-set-variable]
  u32 adc_0,adc_1;
            ^~~~~
../src/echo.c:2303:6: warning: variable 'adc_0' set but not used [-Wunused-but-set-variable]
  u32 adc_0,adc_1;
      ^~~~~
../src/echo.c: In function 'CalibrateCAL_DAC':
../src/echo.c:2639:19: warning: passing argument 2 of 'SendReply' from incompatible pointer type [-Wincompatible-pointer-types]
      SendReply(sd,BV,2);
                   ^~
../src/echo.c:136:6: note: expected 'u32 * {aka long unsigned int *}' but argument is of type 'u16 * {aka short unsigned int *}'
 void SendReply(int sd,u32 *Buffer, u32 length);
      ^~~~~~~~~
../src/echo.c:2640:19: warning: passing argument 2 of 'SendReply' from incompatible pointer type [-Wincompatible-pointer-types]
      SendReply(sd,LUT_CAL_DAC,index*2);
                   ^~~~~~~~~~~
../src/echo.c:136:6: note: expected 'u32 * {aka long unsigned int *}' but argument is of type 'short int *'
 void SendReply(int sd,u32 *Buffer, u32 length);
      ^~~~~~~~~
../src/echo.c:2547:36: warning: unused variable 'charge' [-Wunused-variable]
  double step_voltage, base_voltage,charge = 0;
                                    ^~~~~~
../src/echo.c:2547:23: warning: unused variable 'base_voltage' [-Wunused-variable]
  double step_voltage, base_voltage,charge = 0;
                       ^~~~~~~~~~~~
../src/echo.c:2547:9: warning: unused variable 'step_voltage' [-Wunused-variable]
  double step_voltage, base_voltage,charge = 0;
         ^~~~~~~~~~~~
../src/echo.c: In function 'Scurve':
../src/echo.c:2877:29: warning: passing argument 2 of 'SendReply' from incompatible pointer type [-Wincompatible-pointer-types]
                SendReply(sd,scurve_arr,length_scurve);
                             ^~~~~~~~~~
../src/echo.c:136:6: note: expected 'u32 * {aka long unsigned int *}' but argument is of type 'u8 * {aka unsigned char *}'
 void SendReply(int sd,u32 *Buffer, u32 length);
      ^~~~~~~~~
../src/echo.c:2655:5: warning: unused variable 'p' [-Wunused-variable]
 u64 p=9;
     ^
../src/echo.c: In function 'DecodeDataPacket':
../src/echo.c:2910:5: warning: unused variable 'PKT_LEN' [-Wunused-variable]
  u8 PKT_LEN=22;
     ^~~~~~~
../src/echo.c:2908:5: warning: unused variable 'loop' [-Wunused-variable]
  u8 loop;
     ^~~~
../src/echo.c:2907:5: warning: unused variable 'Header' [-Wunused-variable]
  u8 Header;
     ^~~~~~
../src/echo.c: In function 'echo_application_thread':
../src/echo.c:3128:28: warning: passing argument 2 of 'sys_thread_new' from incompatible pointer type [-Wincompatible-pointer-types]
    sys_thread_new("echos", process_echo_request,
                            ^~~~~~~~~~~~~~~~~~~~
In file included from ../../vfat3_sdk_bsp/microblaze_0/include/netif/xadapter.h:46:0,
                 from ../src/echo.c:37:
../../vfat3_sdk_bsp/microblaze_0/include/lwip/sys.h:230:14: note: expected 'lwip_thread_fn {aka void (*)(void *)}' but argument is of type 'void (*)(void *, XLlFifo *) {aka void (*)(void *, struct XLlFifo *)}'
 sys_thread_t sys_thread_new(const char *name, lwip_thread_fn thread, void *arg, int stacksize, int prio);
              ^~~~~~~~~~~~~~
Finished building: ../src/echo.c
 
Building file: ../src/iic_phyreset.c
Invoking: MicroBlaze gcc compiler
mb-gcc -Wall -O3 -g3 -c -fmessage-length=0 -MT"src/iic_phyreset.o" -mxl-frequency -I../../vfat3_sdk_bsp/microblaze_0/include -mlittle-endian -mxl-barrel-shift -mxl-pattern-compare -mno-xl-soft-div -mcpu=v10.0 -mno-xl-soft-mul -mxl-multiply-high -mhard-float -mxl-float-convert -mxl-float-sqrt -Wl,--no-relax -ffunction-sections -fdata-sections -MMD -MP -MF"src/iic_phyreset.d" -MT"src/iic_phyreset.o" -o "src/iic_phyreset.o" "../src/iic_phyreset.c"
Finished building: ../src/iic_phyreset.c
 
Building file: ../src/main.c
Invoking: MicroBlaze gcc compiler
mb-gcc -Wall -O3 -g3 -c -fmessage-length=0 -MT"src/main.o" -mxl-frequency -I../../vfat3_sdk_bsp/microblaze_0/include -mlittle-endian -mxl-barrel-shift -mxl-pattern-compare -mno-xl-soft-div -mcpu=v10.0 -mno-xl-soft-mul -mxl-multiply-high -mhard-float -mxl-float-convert -mxl-float-sqrt -Wl,--no-relax -ffunction-sections -fdata-sections -MMD -MP -MF"src/main.d" -MT"src/main.o" -o "src/main.o" "../src/main.c"
Finished building: ../src/main.c
 
Building target: vfat3_sdk.elf
Invoking: MicroBlaze gcc linker
mb-gcc -Wl,-T -Wl,../src/lscript.ld -L../../vfat3_sdk_bsp/microblaze_0/lib -mlittle-endian -mxl-barrel-shift -mxl-pattern-compare -mno-xl-soft-div -mcpu=v10.0 -mno-xl-soft-mul -mxl-multiply-high -mhard-float -mxl-float-convert -mxl-float-sqrt -Wl,--no-relax -Wl,--gc-sections -o "vfat3_sdk.elf"  ./src/echo.o ./src/iic_phyreset.o ./src/main.o   -Wl,--start-group,-lxil,-lfreertos,-lgcc,-lc,--end-group -Wl,--start-group,-lxil,-llwip4,-lgcc,-lc,--end-group
Finished building target: vfat3_sdk.elf
 
Invoking: MicroBlaze Print Size
mb-size vfat3_sdk.elf  |tee "vfat3_sdk.elf.size"
   text	   data	    bss	    dec	    hex	filename
 263525	   1824	3953887	4219236	 406164	vfat3_sdk.elf
Finished building: vfat3_sdk.elf.size
 
18:49:36 **** Clean-only build of configuration Debug for project vfat3_sdk ****
make clean 
rm -rf  ./src/echo.o ./src/iic_phyreset.o ./src/main.o  ./src/echo.d ./src/iic_phyreset.d ./src/main.d  vfat3_sdk.elf.size  vfat3_sdk.elf
 
18:49:37 **** Auto Build of configuration Debug for project vfat3_sdk ****
make all 
Building file: ../src/echo.c
Invoking: MicroBlaze gcc compiler
mb-gcc -Wall -O3 -g3 -c -fmessage-length=0 -MT"src/echo.o" -mxl-frequency -I../../vfat3_sdk_bsp/microblaze_0/include -mlittle-endian -mxl-barrel-shift -mxl-pattern-compare -mno-xl-soft-div -mcpu=v10.0 -mno-xl-soft-mul -mxl-multiply-high -mhard-float -mxl-float-convert -mxl-float-sqrt -Wl,--no-relax -ffunction-sections -fdata-sections -MMD -MP -MF"src/echo.d" -MT"src/echo.o" -o "src/echo.o" "../src/echo.c"
../src/echo.c: In function 'send_sync_command':
../src/echo.c:285:5: warning: implicit declaration of function 'usleep' [-Wimplicit-function-declaration]
     usleep(1000);usleep(1000);usleep(1000);
     ^~~~~~
../src/echo.c:254:8: warning: variable 'Error' set but not used [-Wunused-but-set-variable]
    int Error;
        ^~~~~
../src/echo.c: In function 'Receive_fast_command':
../src/echo.c:451:5: warning: unused variable 'PKT_LEN' [-Wunused-variable]
  u8 PKT_LEN=22;
     ^~~~~~~
../src/echo.c:450:5: warning: unused variable 'indexx' [-Wunused-variable]
  u8 indexx;
     ^~~~~~
../src/echo.c:449:5: warning: unused variable 'loop' [-Wunused-variable]
  u8 loop;
     ^~~~
../src/echo.c:448:5: warning: unused variable 'Header' [-Wunused-variable]
  u8 Header;
     ^~~~~~
../src/echo.c:446:8: warning: unused variable 'j' [-Wunused-variable]
  u32 i,j;
        ^
../src/echo.c:446:6: warning: unused variable 'i' [-Wunused-variable]
  u32 i,j;
      ^
In file included from ../src/echo.c:45:0:
../src/echo.c: In function 'Initialize_everything':
../../vfat3_sdk_bsp/microblaze_0/include/xstatus.h:65:41: warning: 'return' with a value, in function returning void
 #define XST_FAILURE                     1L
                                         ^
../src/echo.c:579:11: note: in expansion of macro 'XST_FAILURE'
    return XST_FAILURE;
           ^~~~~~~~~~~
../src/echo.c:565:6: note: declared here
 void Initialize_everything()
      ^~~~~~~~~~~~~~~~~~~~~
In file included from ../src/echo.c:45:0:
../../vfat3_sdk_bsp/microblaze_0/include/xstatus.h:64:41: warning: 'return' with a value, in function returning void
 #define XST_SUCCESS                     0L
                                         ^
../src/echo.c:665:9: note: in expansion of macro 'XST_SUCCESS'
  return XST_SUCCESS;
         ^~~~~~~~~~~
../src/echo.c:565:6: note: declared here
 void Initialize_everything()
      ^~~~~~~~~~~~~~~~~~~~~
../src/echo.c: In function 'Initialize_fifo':
../src/echo.c:876:7: warning: unused variable 'Error' [-Wunused-variable]
   int Error;
       ^~~~~
../src/echo.c:875:7: warning: unused variable 'i' [-Wunused-variable]
   int i;
       ^
../src/echo.c: In function 'RxReceive':
../src/echo.c:914:6: warning: unused variable 'Status' [-Wunused-variable]
  int Status;
      ^~~~~~
../src/echo.c: In function 'XLlFifoPollingExample':
../src/echo.c:999:6: warning: variable 'Error' set but not used [-Wunused-but-set-variable]
  int Error;
      ^~~~~
../src/echo.c:998:6: warning: unused variable 'i' [-Wunused-variable]
  int i;
      ^
../src/echo.c:995:18: warning: unused variable 'Config' [-Wunused-variable]
  XLlFifo_Config *Config;
                  ^~~~~~
../src/echo.c: In function 'TxSend':
../src/echo.c:1108:6: warning: unused variable 'j' [-Wunused-variable]
  u32 j;
      ^
../src/echo.c:1107:6: warning: unused variable 'i' [-Wunused-variable]
  u32 i;
      ^
In file included from ../src/echo.c:45:0:
../src/echo.c: In function 'check_fifo':
../../vfat3_sdk_bsp/microblaze_0/include/xstatus.h:65:41: warning: 'return' with a value, in function returning void
 #define XST_FAILURE                     1L
                                         ^
../src/echo.c:1184:10: note: in expansion of macro 'XST_FAILURE'
   return XST_FAILURE;
          ^~~~~~~~~~~
../src/echo.c:1157:6: note: declared here
 void check_fifo(u32  *SourceAddr,u32 data_len,u8 verbose_mode)
      ^~~~~~~~~~
In file included from ../src/echo.c:45:0:
../../vfat3_sdk_bsp/microblaze_0/include/xstatus.h:64:41: warning: 'return' with a value, in function returning void
 #define XST_SUCCESS                     0L
                                         ^
../src/echo.c:1190:9: note: in expansion of macro 'XST_SUCCESS'
  return XST_SUCCESS;
         ^~~~~~~~~~~
../src/echo.c:1157:6: note: declared here
 void check_fifo(u32  *SourceAddr,u32 data_len,u8 verbose_mode)
      ^~~~~~~~~~
../src/echo.c:1160:5: warning: unused variable 'i' [-Wunused-variable]
 u32 i;
     ^
../src/echo.c: At top level:
../src/echo.c:1223:9: warning: type defaults to 'int' in declaration of 'crc_ok' [-Wimplicit-int]
 extern  crc_ok;
         ^~~~~~
../src/echo.c: In function 'HDLC_Rx':
../src/echo.c:1776:49: warning: pointer targets in passing argument 1 of 'crc16' differ in signedness [-Wpointer-sign]
                           crc_calculated= crc16(rcv_arr,k+1);
                                                 ^~~~~~~
../src/echo.c:1271:14: note: expected 'char *' but argument is of type 'u8 * {aka unsigned char *}'
 unsigned int crc16(char *data_p, unsigned short length)
              ^~~~~
../src/echo.c:1351:4: warning: unused variable 'type_id' [-Wunused-variable]
 u8 type_id=0xaa;
    ^~~~~~~
../src/echo.c:1309:5: warning: unused variable 'hdlc_control' [-Wunused-variable]
  u8 hdlc_control = 0xff;
     ^~~~~~~~~~~~
../src/echo.c:1308:5: warning: unused variable 'hdlc_address' [-Wunused-variable]
  u8 hdlc_address = 0xff;
     ^~~~~~~~~~~~
../src/echo.c: In function 'HDLC_Tx':
../src/echo.c:1876:17: warning: pointer targets in passing argument 1 of 'crc16' differ in signedness [-Wpointer-sign]
   ut1.crc=crc16(hdlc_tx, length);
                 ^~~~~~~
../src/echo.c:1271:14: note: expected 'char *' but argument is of type 'u8 * {aka unsigned char *}'
 unsigned int crc16(char *data_p, unsigned short length)
              ^~~~~
../src/echo.c:1998:26: warning: array subscript has type 'char' [-Wchar-subscripts]
    ZeroInsertion_location[j]=i+1;
                          ^
In file included from ../src/echo.c:45:0:
../../vfat3_sdk_bsp/microblaze_0/include/xstatus.h:65:41: warning: 'return' with a value, in function returning void
 #define XST_FAILURE                     1L
                                         ^
../src/echo.c:2051:11: note: in expansion of macro 'XST_FAILURE'
    return XST_FAILURE;
           ^~~~~~~~~~~
../src/echo.c:1823:6: note: declared here
 void HDLC_Tx(XLlFifo *InstancePtr,u32 register_address, u32 register_data,u8 mode,u32* SourceAddr,u8 verbose_mode)
      ^~~~~~~
../src/echo.c: In function 'ReadADC':
../src/echo.c:2102:12: warning: variable 'status' set but not used [-Wunused-but-set-variable]
  unsigned  status;
            ^~~~~~
../src/echo.c: In function 'AdjustIref':
../src/echo.c:2265:12: warning: format '%x' expects argument of type 'unsigned int', but argument 2 has type 'u32 {aka long unsigned int}' [-Wformat=]
   printf("%x ,  %f mv\r\n",register_data, imon_adc);
            ^
../src/echo.c:2281:17: warning: format '%x' expects argument of type 'unsigned int', but argument 2 has type 'u32 {aka long unsigned int}' [-Wformat=]
  printf("Iref= %x , imon= %f mv  adc_value= %x\r\n",register_data, imon_adc,adc_value);
                 ^
../src/echo.c:2287:15: warning: passing argument 2 of 'SendReply' from incompatible pointer type [-Wincompatible-pointer-types]
  SendReply(sd,LUT_CAL_DAC,6);
               ^~~~~~~~~~~
../src/echo.c:136:6: note: expected 'u32 * {aka long unsigned int *}' but argument is of type 'short int *'
 void SendReply(int sd,u32 *Buffer, u32 length);
      ^~~~~~~~~
../src/echo.c: In function 'CalibrateADC':
../src/echo.c:2392:42: warning: format '%X' expects argument of type 'unsigned int', but argument 2 has type 'u32 {aka long unsigned int}' [-Wformat=]
     printf("GBL_CFG_CTR_4 write_value = %X ,  read_value = %X, %d\r\n",register_data,read_data,register_data==read_data);
                                          ^
../src/echo.c:2392:61: warning: format '%X' expects argument of type 'unsigned int', but argument 3 has type 'u32 {aka long unsigned int}' [-Wformat=]
     printf("GBL_CFG_CTR_4 write_value = %X ,  read_value = %X, %d\r\n",register_data,read_data,register_data==read_data);
                                                             ^
../src/echo.c:2452:19: warning: passing argument 2 of 'SendReply' from incompatible pointer type [-Wincompatible-pointer-types]
      SendReply(sd,LUT_CAL_DAC,i*2);
                   ^~~~~~~~~~~
../src/echo.c:136:6: note: expected 'u32 * {aka long unsigned int *}' but argument is of type 'short int *'
 void SendReply(int sd,u32 *Buffer, u32 length);
      ^~~~~~~~~
../src/echo.c:2303:12: warning: variable 'adc_1' set but not used [-Wunused-but-set-variable]
  u32 adc_0,adc_1;
            ^~~~~
../src/echo.c:2303:6: warning: variable 'adc_0' set but not used [-Wunused-but-set-variable]
  u32 adc_0,adc_1;
      ^~~~~
../src/echo.c: In function 'CalibrateCAL_DAC':
../src/echo.c:2639:19: warning: passing argument 2 of 'SendReply' from incompatible pointer type [-Wincompatible-pointer-types]
      SendReply(sd,BV,2);
                   ^~
../src/echo.c:136:6: note: expected 'u32 * {aka long unsigned int *}' but argument is of type 'u16 * {aka short unsigned int *}'
 void SendReply(int sd,u32 *Buffer, u32 length);
      ^~~~~~~~~
../src/echo.c:2640:19: warning: passing argument 2 of 'SendReply' from incompatible pointer type [-Wincompatible-pointer-types]
      SendReply(sd,LUT_CAL_DAC,index*2);
                   ^~~~~~~~~~~
../src/echo.c:136:6: note: expected 'u32 * {aka long unsigned int *}' but argument is of type 'short int *'
 void SendReply(int sd,u32 *Buffer, u32 length);
      ^~~~~~~~~
../src/echo.c:2547:36: warning: unused variable 'charge' [-Wunused-variable]
  double step_voltage, base_voltage,charge = 0;
                                    ^~~~~~
../src/echo.c:2547:23: warning: unused variable 'base_voltage' [-Wunused-variable]
  double step_voltage, base_voltage,charge = 0;
                       ^~~~~~~~~~~~
../src/echo.c:2547:9: warning: unused variable 'step_voltage' [-Wunused-variable]
  double step_voltage, base_voltage,charge = 0;
         ^~~~~~~~~~~~
../src/echo.c: In function 'Scurve':
../src/echo.c:2877:29: warning: passing argument 2 of 'SendReply' from incompatible pointer type [-Wincompatible-pointer-types]
                SendReply(sd,scurve_arr,length_scurve);
                             ^~~~~~~~~~
../src/echo.c:136:6: note: expected 'u32 * {aka long unsigned int *}' but argument is of type 'u8 * {aka unsigned char *}'
 void SendReply(int sd,u32 *Buffer, u32 length);
      ^~~~~~~~~
../src/echo.c:2655:5: warning: unused variable 'p' [-Wunused-variable]
 u64 p=9;
     ^
../src/echo.c: In function 'DecodeDataPacket':
../src/echo.c:2910:5: warning: unused variable 'PKT_LEN' [-Wunused-variable]
  u8 PKT_LEN=22;
     ^~~~~~~
../src/echo.c:2908:5: warning: unused variable 'loop' [-Wunused-variable]
  u8 loop;
     ^~~~
../src/echo.c:2907:5: warning: unused variable 'Header' [-Wunused-variable]
  u8 Header;
     ^~~~~~
../src/echo.c: In function 'echo_application_thread':
../src/echo.c:3128:28: warning: passing argument 2 of 'sys_thread_new' from incompatible pointer type [-Wincompatible-pointer-types]
    sys_thread_new("echos", process_echo_request,
                            ^~~~~~~~~~~~~~~~~~~~
In file included from ../../vfat3_sdk_bsp/microblaze_0/include/netif/xadapter.h:46:0,
                 from ../src/echo.c:37:
../../vfat3_sdk_bsp/microblaze_0/include/lwip/sys.h:230:14: note: expected 'lwip_thread_fn {aka void (*)(void *)}' but argument is of type 'void (*)(void *, XLlFifo *) {aka void (*)(void *, struct XLlFifo *)}'
 sys_thread_t sys_thread_new(const char *name, lwip_thread_fn thread, void *arg, int stacksize, int prio);
              ^~~~~~~~~~~~~~
Finished building: ../src/echo.c
 
Building file: ../src/iic_phyreset.c
Invoking: MicroBlaze gcc compiler
mb-gcc -Wall -O3 -g3 -c -fmessage-length=0 -MT"src/iic_phyreset.o" -mxl-frequency -I../../vfat3_sdk_bsp/microblaze_0/include -mlittle-endian -mxl-barrel-shift -mxl-pattern-compare -mno-xl-soft-div -mcpu=v10.0 -mno-xl-soft-mul -mxl-multiply-high -mhard-float -mxl-float-convert -mxl-float-sqrt -Wl,--no-relax -ffunction-sections -fdata-sections -MMD -MP -MF"src/iic_phyreset.d" -MT"src/iic_phyreset.o" -o "src/iic_phyreset.o" "../src/iic_phyreset.c"
Finished building: ../src/iic_phyreset.c
 
Building file: ../src/main.c
Invoking: MicroBlaze gcc compiler
mb-gcc -Wall -O3 -g3 -c -fmessage-length=0 -MT"src/main.o" -mxl-frequency -I../../vfat3_sdk_bsp/microblaze_0/include -mlittle-endian -mxl-barrel-shift -mxl-pattern-compare -mno-xl-soft-div -mcpu=v10.0 -mno-xl-soft-mul -mxl-multiply-high -mhard-float -mxl-float-convert -mxl-float-sqrt -Wl,--no-relax -ffunction-sections -fdata-sections -MMD -MP -MF"src/main.d" -MT"src/main.o" -o "src/main.o" "../src/main.c"
Finished building: ../src/main.c
 
Building target: vfat3_sdk.elf
Invoking: MicroBlaze gcc linker
mb-gcc -Wl,-T -Wl,../src/lscript.ld -L../../vfat3_sdk_bsp/microblaze_0/lib -mlittle-endian -mxl-barrel-shift -mxl-pattern-compare -mno-xl-soft-div -mcpu=v10.0 -mno-xl-soft-mul -mxl-multiply-high -mhard-float -mxl-float-convert -mxl-float-sqrt -Wl,--no-relax -Wl,--gc-sections -o "vfat3_sdk.elf"  ./src/echo.o ./src/iic_phyreset.o ./src/main.o   -Wl,--start-group,-lxil,-lfreertos,-lgcc,-lc,--end-group -Wl,--start-group,-lxil,-llwip4,-lgcc,-lc,--end-group
Finished building target: vfat3_sdk.elf
 
Invoking: MicroBlaze Print Size
mb-size vfat3_sdk.elf  |tee "vfat3_sdk.elf.size"
   text	   data	    bss	    dec	    hex	filename
 263525	   1824	3953887	4219236	 406164	vfat3_sdk.elf
Finished building: vfat3_sdk.elf.size
 
18:51:33 **** Clean-only build of configuration Debug for project vfat3_sdk ****
make clean 
rm -rf  ./src/echo.o ./src/iic_phyreset.o ./src/main.o  ./src/echo.d ./src/iic_phyreset.d ./src/main.d  vfat3_sdk.elf.size  vfat3_sdk.elf
 
18:51:33 **** Auto Build of configuration Debug for project vfat3_sdk ****
make all 
Building file: ../src/echo.c
Invoking: MicroBlaze gcc compiler
mb-gcc -Wall -O3 -g3 -c -fmessage-length=0 -MT"src/echo.o" -mxl-frequency -I../../vfat3_sdk_bsp/microblaze_0/include -mlittle-endian -mxl-barrel-shift -mxl-pattern-compare -mno-xl-soft-div -mcpu=v10.0 -mno-xl-soft-mul -mxl-multiply-high -mhard-float -mxl-float-convert -mxl-float-sqrt -Wl,--no-relax -ffunction-sections -fdata-sections -MMD -MP -MF"src/echo.d" -MT"src/echo.o" -o "src/echo.o" "../src/echo.c"
../src/echo.c: In function 'send_sync_command':
../src/echo.c:285:5: warning: implicit declaration of function 'usleep' [-Wimplicit-function-declaration]
     usleep(1000);usleep(1000);usleep(1000);
     ^~~~~~
../src/echo.c:254:8: warning: variable 'Error' set but not used [-Wunused-but-set-variable]
    int Error;
        ^~~~~
../src/echo.c: In function 'Receive_fast_command':
../src/echo.c:451:5: warning: unused variable 'PKT_LEN' [-Wunused-variable]
  u8 PKT_LEN=22;
     ^~~~~~~
../src/echo.c:450:5: warning: unused variable 'indexx' [-Wunused-variable]
  u8 indexx;
     ^~~~~~
../src/echo.c:449:5: warning: unused variable 'loop' [-Wunused-variable]
  u8 loop;
     ^~~~
../src/echo.c:448:5: warning: unused variable 'Header' [-Wunused-variable]
  u8 Header;
     ^~~~~~
../src/echo.c:446:8: warning: unused variable 'j' [-Wunused-variable]
  u32 i,j;
        ^
../src/echo.c:446:6: warning: unused variable 'i' [-Wunused-variable]
  u32 i,j;
      ^
In file included from ../src/echo.c:45:0:
../src/echo.c: In function 'Initialize_everything':
../../vfat3_sdk_bsp/microblaze_0/include/xstatus.h:65:41: warning: 'return' with a value, in function returning void
 #define XST_FAILURE                     1L
                                         ^
../src/echo.c:579:11: note: in expansion of macro 'XST_FAILURE'
    return XST_FAILURE;
           ^~~~~~~~~~~
../src/echo.c:565:6: note: declared here
 void Initialize_everything()
      ^~~~~~~~~~~~~~~~~~~~~
In file included from ../src/echo.c:45:0:
../../vfat3_sdk_bsp/microblaze_0/include/xstatus.h:64:41: warning: 'return' with a value, in function returning void
 #define XST_SUCCESS                     0L
                                         ^
../src/echo.c:665:9: note: in expansion of macro 'XST_SUCCESS'
  return XST_SUCCESS;
         ^~~~~~~~~~~
../src/echo.c:565:6: note: declared here
 void Initialize_everything()
      ^~~~~~~~~~~~~~~~~~~~~
../src/echo.c: In function 'Initialize_fifo':
../src/echo.c:876:7: warning: unused variable 'Error' [-Wunused-variable]
   int Error;
       ^~~~~
../src/echo.c:875:7: warning: unused variable 'i' [-Wunused-variable]
   int i;
       ^
../src/echo.c: In function 'RxReceive':
../src/echo.c:914:6: warning: unused variable 'Status' [-Wunused-variable]
  int Status;
      ^~~~~~
../src/echo.c: In function 'XLlFifoPollingExample':
../src/echo.c:999:6: warning: variable 'Error' set but not used [-Wunused-but-set-variable]
  int Error;
      ^~~~~
../src/echo.c:998:6: warning: unused variable 'i' [-Wunused-variable]
  int i;
      ^
../src/echo.c:995:18: warning: unused variable 'Config' [-Wunused-variable]
  XLlFifo_Config *Config;
                  ^~~~~~
../src/echo.c: In function 'TxSend':
../src/echo.c:1108:6: warning: unused variable 'j' [-Wunused-variable]
  u32 j;
      ^
../src/echo.c:1107:6: warning: unused variable 'i' [-Wunused-variable]
  u32 i;
      ^
In file included from ../src/echo.c:45:0:
../src/echo.c: In function 'check_fifo':
../../vfat3_sdk_bsp/microblaze_0/include/xstatus.h:65:41: warning: 'return' with a value, in function returning void
 #define XST_FAILURE                     1L
                                         ^
../src/echo.c:1184:10: note: in expansion of macro 'XST_FAILURE'
   return XST_FAILURE;
          ^~~~~~~~~~~
../src/echo.c:1157:6: note: declared here
 void check_fifo(u32  *SourceAddr,u32 data_len,u8 verbose_mode)
      ^~~~~~~~~~
In file included from ../src/echo.c:45:0:
../../vfat3_sdk_bsp/microblaze_0/include/xstatus.h:64:41: warning: 'return' with a value, in function returning void
 #define XST_SUCCESS                     0L
                                         ^
../src/echo.c:1190:9: note: in expansion of macro 'XST_SUCCESS'
  return XST_SUCCESS;
         ^~~~~~~~~~~
../src/echo.c:1157:6: note: declared here
 void check_fifo(u32  *SourceAddr,u32 data_len,u8 verbose_mode)
      ^~~~~~~~~~
../src/echo.c:1160:5: warning: unused variable 'i' [-Wunused-variable]
 u32 i;
     ^
../src/echo.c: At top level:
../src/echo.c:1223:9: warning: type defaults to 'int' in declaration of 'crc_ok' [-Wimplicit-int]
 extern  crc_ok;
         ^~~~~~
../src/echo.c: In function 'HDLC_Rx':
../src/echo.c:1776:49: warning: pointer targets in passing argument 1 of 'crc16' differ in signedness [-Wpointer-sign]
                           crc_calculated= crc16(rcv_arr,k+1);
                                                 ^~~~~~~
../src/echo.c:1271:14: note: expected 'char *' but argument is of type 'u8 * {aka unsigned char *}'
 unsigned int crc16(char *data_p, unsigned short length)
              ^~~~~
../src/echo.c:1351:4: warning: unused variable 'type_id' [-Wunused-variable]
 u8 type_id=0xaa;
    ^~~~~~~
../src/echo.c:1309:5: warning: unused variable 'hdlc_control' [-Wunused-variable]
  u8 hdlc_control = 0xff;
     ^~~~~~~~~~~~
../src/echo.c:1308:5: warning: unused variable 'hdlc_address' [-Wunused-variable]
  u8 hdlc_address = 0xff;
     ^~~~~~~~~~~~
../src/echo.c: In function 'HDLC_Tx':
../src/echo.c:1876:17: warning: pointer targets in passing argument 1 of 'crc16' differ in signedness [-Wpointer-sign]
   ut1.crc=crc16(hdlc_tx, length);
                 ^~~~~~~
../src/echo.c:1271:14: note: expected 'char *' but argument is of type 'u8 * {aka unsigned char *}'
 unsigned int crc16(char *data_p, unsigned short length)
              ^~~~~
../src/echo.c:1998:26: warning: array subscript has type 'char' [-Wchar-subscripts]
    ZeroInsertion_location[j]=i+1;
                          ^
In file included from ../src/echo.c:45:0:
../../vfat3_sdk_bsp/microblaze_0/include/xstatus.h:65:41: warning: 'return' with a value, in function returning void
 #define XST_FAILURE                     1L
                                         ^
../src/echo.c:2051:11: note: in expansion of macro 'XST_FAILURE'
    return XST_FAILURE;
           ^~~~~~~~~~~
../src/echo.c:1823:6: note: declared here
 void HDLC_Tx(XLlFifo *InstancePtr,u32 register_address, u32 register_data,u8 mode,u32* SourceAddr,u8 verbose_mode)
      ^~~~~~~
../src/echo.c: In function 'ReadADC':
../src/echo.c:2102:12: warning: variable 'status' set but not used [-Wunused-but-set-variable]
  unsigned  status;
            ^~~~~~
../src/echo.c: In function 'AdjustIref':
../src/echo.c:2265:12: warning: format '%x' expects argument of type 'unsigned int', but argument 2 has type 'u32 {aka long unsigned int}' [-Wformat=]
   printf("%x ,  %f mv\r\n",register_data, imon_adc);
            ^
../src/echo.c:2281:17: warning: format '%x' expects argument of type 'unsigned int', but argument 2 has type 'u32 {aka long unsigned int}' [-Wformat=]
  printf("Iref= %x , imon= %f mv  adc_value= %x\r\n",register_data, imon_adc,adc_value);
                 ^
../src/echo.c:2287:15: warning: passing argument 2 of 'SendReply' from incompatible pointer type [-Wincompatible-pointer-types]
  SendReply(sd,LUT_CAL_DAC,6);
               ^~~~~~~~~~~
../src/echo.c:136:6: note: expected 'u32 * {aka long unsigned int *}' but argument is of type 'short int *'
 void SendReply(int sd,u32 *Buffer, u32 length);
      ^~~~~~~~~
../src/echo.c: In function 'CalibrateADC':
../src/echo.c:2392:42: warning: format '%X' expects argument of type 'unsigned int', but argument 2 has type 'u32 {aka long unsigned int}' [-Wformat=]
     printf("GBL_CFG_CTR_4 write_value = %X ,  read_value = %X, %d\r\n",register_data,read_data,register_data==read_data);
                                          ^
../src/echo.c:2392:61: warning: format '%X' expects argument of type 'unsigned int', but argument 3 has type 'u32 {aka long unsigned int}' [-Wformat=]
     printf("GBL_CFG_CTR_4 write_value = %X ,  read_value = %X, %d\r\n",register_data,read_data,register_data==read_data);
                                                             ^
../src/echo.c:2452:19: warning: passing argument 2 of 'SendReply' from incompatible pointer type [-Wincompatible-pointer-types]
      SendReply(sd,LUT_CAL_DAC,i*2);
                   ^~~~~~~~~~~
../src/echo.c:136:6: note: expected 'u32 * {aka long unsigned int *}' but argument is of type 'short int *'
 void SendReply(int sd,u32 *Buffer, u32 length);
      ^~~~~~~~~
../src/echo.c:2303:12: warning: variable 'adc_1' set but not used [-Wunused-but-set-variable]
  u32 adc_0,adc_1;
            ^~~~~
../src/echo.c:2303:6: warning: variable 'adc_0' set but not used [-Wunused-but-set-variable]
  u32 adc_0,adc_1;
      ^~~~~
../src/echo.c: In function 'CalibrateCAL_DAC':
../src/echo.c:2639:19: warning: passing argument 2 of 'SendReply' from incompatible pointer type [-Wincompatible-pointer-types]
      SendReply(sd,BV,2);
                   ^~
../src/echo.c:136:6: note: expected 'u32 * {aka long unsigned int *}' but argument is of type 'u16 * {aka short unsigned int *}'
 void SendReply(int sd,u32 *Buffer, u32 length);
      ^~~~~~~~~
../src/echo.c:2640:19: warning: passing argument 2 of 'SendReply' from incompatible pointer type [-Wincompatible-pointer-types]
      SendReply(sd,LUT_CAL_DAC,index*2);
                   ^~~~~~~~~~~
../src/echo.c:136:6: note: expected 'u32 * {aka long unsigned int *}' but argument is of type 'short int *'
 void SendReply(int sd,u32 *Buffer, u32 length);
      ^~~~~~~~~
../src/echo.c:2547:36: warning: unused variable 'charge' [-Wunused-variable]
  double step_voltage, base_voltage,charge = 0;
                                    ^~~~~~
../src/echo.c:2547:23: warning: unused variable 'base_voltage' [-Wunused-variable]
  double step_voltage, base_voltage,charge = 0;
                       ^~~~~~~~~~~~
../src/echo.c:2547:9: warning: unused variable 'step_voltage' [-Wunused-variable]
  double step_voltage, base_voltage,charge = 0;
         ^~~~~~~~~~~~
../src/echo.c: In function 'Scurve':
../src/echo.c:2877:29: warning: passing argument 2 of 'SendReply' from incompatible pointer type [-Wincompatible-pointer-types]
                SendReply(sd,scurve_arr,length_scurve);
                             ^~~~~~~~~~
../src/echo.c:136:6: note: expected 'u32 * {aka long unsigned int *}' but argument is of type 'u8 * {aka unsigned char *}'
 void SendReply(int sd,u32 *Buffer, u32 length);
      ^~~~~~~~~
../src/echo.c:2655:5: warning: unused variable 'p' [-Wunused-variable]
 u64 p=9;
     ^
../src/echo.c: In function 'DecodeDataPacket':
../src/echo.c:2910:5: warning: unused variable 'PKT_LEN' [-Wunused-variable]
  u8 PKT_LEN=22;
     ^~~~~~~
../src/echo.c:2908:5: warning: unused variable 'loop' [-Wunused-variable]
  u8 loop;
     ^~~~
../src/echo.c:2907:5: warning: unused variable 'Header' [-Wunused-variable]
  u8 Header;
     ^~~~~~
../src/echo.c: In function 'echo_application_thread':
../src/echo.c:3128:28: warning: passing argument 2 of 'sys_thread_new' from incompatible pointer type [-Wincompatible-pointer-types]
    sys_thread_new("echos", process_echo_request,
                            ^~~~~~~~~~~~~~~~~~~~
In file included from ../../vfat3_sdk_bsp/microblaze_0/include/netif/xadapter.h:46:0,
                 from ../src/echo.c:37:
../../vfat3_sdk_bsp/microblaze_0/include/lwip/sys.h:230:14: note: expected 'lwip_thread_fn {aka void (*)(void *)}' but argument is of type 'void (*)(void *, XLlFifo *) {aka void (*)(void *, struct XLlFifo *)}'
 sys_thread_t sys_thread_new(const char *name, lwip_thread_fn thread, void *arg, int stacksize, int prio);
              ^~~~~~~~~~~~~~
Finished building: ../src/echo.c
 
Building file: ../src/iic_phyreset.c
Invoking: MicroBlaze gcc compiler
mb-gcc -Wall -O3 -g3 -c -fmessage-length=0 -MT"src/iic_phyreset.o" -mxl-frequency -I../../vfat3_sdk_bsp/microblaze_0/include -mlittle-endian -mxl-barrel-shift -mxl-pattern-compare -mno-xl-soft-div -mcpu=v10.0 -mno-xl-soft-mul -mxl-multiply-high -mhard-float -mxl-float-convert -mxl-float-sqrt -Wl,--no-relax -ffunction-sections -fdata-sections -MMD -MP -MF"src/iic_phyreset.d" -MT"src/iic_phyreset.o" -o "src/iic_phyreset.o" "../src/iic_phyreset.c"
Finished building: ../src/iic_phyreset.c
 
Building file: ../src/main.c
Invoking: MicroBlaze gcc compiler
mb-gcc -Wall -O3 -g3 -c -fmessage-length=0 -MT"src/main.o" -mxl-frequency -I../../vfat3_sdk_bsp/microblaze_0/include -mlittle-endian -mxl-barrel-shift -mxl-pattern-compare -mno-xl-soft-div -mcpu=v10.0 -mno-xl-soft-mul -mxl-multiply-high -mhard-float -mxl-float-convert -mxl-float-sqrt -Wl,--no-relax -ffunction-sections -fdata-sections -MMD -MP -MF"src/main.d" -MT"src/main.o" -o "src/main.o" "../src/main.c"
Finished building: ../src/main.c
 
Building target: vfat3_sdk.elf
Invoking: MicroBlaze gcc linker
mb-gcc -Wl,-T -Wl,../src/lscript.ld -L../../vfat3_sdk_bsp/microblaze_0/lib -mlittle-endian -mxl-barrel-shift -mxl-pattern-compare -mno-xl-soft-div -mcpu=v10.0 -mno-xl-soft-mul -mxl-multiply-high -mhard-float -mxl-float-convert -mxl-float-sqrt -Wl,--no-relax -Wl,--gc-sections -o "vfat3_sdk.elf"  ./src/echo.o ./src/iic_phyreset.o ./src/main.o   -Wl,--start-group,-lxil,-lfreertos,-lgcc,-lc,--end-group -Wl,--start-group,-lxil,-llwip4,-lgcc,-lc,--end-group
Finished building target: vfat3_sdk.elf
 
Invoking: MicroBlaze Print Size
mb-size vfat3_sdk.elf  |tee "vfat3_sdk.elf.size"
   text	   data	    bss	    dec	    hex	filename
 263525	   1824	3960031	4225380	 407964	vfat3_sdk.elf
Finished building: vfat3_sdk.elf.size
 
18:52:05 **** Clean-only build of configuration Debug for project vfat3_sdk ****
make clean 
rm -rf  ./src/echo.o ./src/iic_phyreset.o ./src/main.o  ./src/echo.d ./src/iic_phyreset.d ./src/main.d  vfat3_sdk.elf.size  vfat3_sdk.elf
 
18:52:05 **** Auto Build of configuration Debug for project vfat3_sdk ****
make all 
Building file: ../src/echo.c
Invoking: MicroBlaze gcc compiler
mb-gcc -Wall -O3 -g3 -c -fmessage-length=0 -MT"src/echo.o" -mxl-frequency -I../../vfat3_sdk_bsp/microblaze_0/include -mlittle-endian -mxl-barrel-shift -mxl-pattern-compare -mno-xl-soft-div -mcpu=v10.0 -mno-xl-soft-mul -mxl-multiply-high -mhard-float -mxl-float-convert -mxl-float-sqrt -Wl,--no-relax -ffunction-sections -fdata-sections -MMD -MP -MF"src/echo.d" -MT"src/echo.o" -o "src/echo.o" "../src/echo.c"
../src/echo.c: In function 'send_sync_command':
../src/echo.c:285:5: warning: implicit declaration of function 'usleep' [-Wimplicit-function-declaration]
     usleep(1000);usleep(1000);usleep(1000);
     ^~~~~~
../src/echo.c:254:8: warning: variable 'Error' set but not used [-Wunused-but-set-variable]
    int Error;
        ^~~~~
../src/echo.c: In function 'Receive_fast_command':
../src/echo.c:451:5: warning: unused variable 'PKT_LEN' [-Wunused-variable]
  u8 PKT_LEN=22;
     ^~~~~~~
../src/echo.c:450:5: warning: unused variable 'indexx' [-Wunused-variable]
  u8 indexx;
     ^~~~~~
../src/echo.c:449:5: warning: unused variable 'loop' [-Wunused-variable]
  u8 loop;
     ^~~~
../src/echo.c:448:5: warning: unused variable 'Header' [-Wunused-variable]
  u8 Header;
     ^~~~~~
../src/echo.c:446:8: warning: unused variable 'j' [-Wunused-variable]
  u32 i,j;
        ^
../src/echo.c:446:6: warning: unused variable 'i' [-Wunused-variable]
  u32 i,j;
      ^
In file included from ../src/echo.c:45:0:
../src/echo.c: In function 'Initialize_everything':
../../vfat3_sdk_bsp/microblaze_0/include/xstatus.h:65:41: warning: 'return' with a value, in function returning void
 #define XST_FAILURE                     1L
                                         ^
../src/echo.c:579:11: note: in expansion of macro 'XST_FAILURE'
    return XST_FAILURE;
           ^~~~~~~~~~~
../src/echo.c:565:6: note: declared here
 void Initialize_everything()
      ^~~~~~~~~~~~~~~~~~~~~
In file included from ../src/echo.c:45:0:
../../vfat3_sdk_bsp/microblaze_0/include/xstatus.h:64:41: warning: 'return' with a value, in function returning void
 #define XST_SUCCESS                     0L
                                         ^
../src/echo.c:665:9: note: in expansion of macro 'XST_SUCCESS'
  return XST_SUCCESS;
         ^~~~~~~~~~~
../src/echo.c:565:6: note: declared here
 void Initialize_everything()
      ^~~~~~~~~~~~~~~~~~~~~
../src/echo.c: In function 'Initialize_fifo':
../src/echo.c:876:7: warning: unused variable 'Error' [-Wunused-variable]
   int Error;
       ^~~~~
../src/echo.c:875:7: warning: unused variable 'i' [-Wunused-variable]
   int i;
       ^
../src/echo.c: In function 'RxReceive':
../src/echo.c:914:6: warning: unused variable 'Status' [-Wunused-variable]
  int Status;
      ^~~~~~
../src/echo.c: In function 'XLlFifoPollingExample':
../src/echo.c:999:6: warning: variable 'Error' set but not used [-Wunused-but-set-variable]
  int Error;
      ^~~~~
../src/echo.c:998:6: warning: unused variable 'i' [-Wunused-variable]
  int i;
      ^
../src/echo.c:995:18: warning: unused variable 'Config' [-Wunused-variable]
  XLlFifo_Config *Config;
                  ^~~~~~
../src/echo.c: In function 'TxSend':
../src/echo.c:1108:6: warning: unused variable 'j' [-Wunused-variable]
  u32 j;
      ^
../src/echo.c:1107:6: warning: unused variable 'i' [-Wunused-variable]
  u32 i;
      ^
In file included from ../src/echo.c:45:0:
../src/echo.c: In function 'check_fifo':
../../vfat3_sdk_bsp/microblaze_0/include/xstatus.h:65:41: warning: 'return' with a value, in function returning void
 #define XST_FAILURE                     1L
                                         ^
../src/echo.c:1184:10: note: in expansion of macro 'XST_FAILURE'
   return XST_FAILURE;
          ^~~~~~~~~~~
../src/echo.c:1157:6: note: declared here
 void check_fifo(u32  *SourceAddr,u32 data_len,u8 verbose_mode)
      ^~~~~~~~~~
In file included from ../src/echo.c:45:0:
../../vfat3_sdk_bsp/microblaze_0/include/xstatus.h:64:41: warning: 'return' with a value, in function returning void
 #define XST_SUCCESS                     0L
                                         ^
../src/echo.c:1190:9: note: in expansion of macro 'XST_SUCCESS'
  return XST_SUCCESS;
         ^~~~~~~~~~~
../src/echo.c:1157:6: note: declared here
 void check_fifo(u32  *SourceAddr,u32 data_len,u8 verbose_mode)
      ^~~~~~~~~~
../src/echo.c:1160:5: warning: unused variable 'i' [-Wunused-variable]
 u32 i;
     ^
../src/echo.c: At top level:
../src/echo.c:1223:9: warning: type defaults to 'int' in declaration of 'crc_ok' [-Wimplicit-int]
 extern  crc_ok;
         ^~~~~~
../src/echo.c: In function 'HDLC_Rx':
../src/echo.c:1776:49: warning: pointer targets in passing argument 1 of 'crc16' differ in signedness [-Wpointer-sign]
                           crc_calculated= crc16(rcv_arr,k+1);
                                                 ^~~~~~~
../src/echo.c:1271:14: note: expected 'char *' but argument is of type 'u8 * {aka unsigned char *}'
 unsigned int crc16(char *data_p, unsigned short length)
              ^~~~~
../src/echo.c:1351:4: warning: unused variable 'type_id' [-Wunused-variable]
 u8 type_id=0xaa;
    ^~~~~~~
../src/echo.c:1309:5: warning: unused variable 'hdlc_control' [-Wunused-variable]
  u8 hdlc_control = 0xff;
     ^~~~~~~~~~~~
../src/echo.c:1308:5: warning: unused variable 'hdlc_address' [-Wunused-variable]
  u8 hdlc_address = 0xff;
     ^~~~~~~~~~~~
../src/echo.c: In function 'HDLC_Tx':
../src/echo.c:1876:17: warning: pointer targets in passing argument 1 of 'crc16' differ in signedness [-Wpointer-sign]
   ut1.crc=crc16(hdlc_tx, length);
                 ^~~~~~~
../src/echo.c:1271:14: note: expected 'char *' but argument is of type 'u8 * {aka unsigned char *}'
 unsigned int crc16(char *data_p, unsigned short length)
              ^~~~~
../src/echo.c:1998:26: warning: array subscript has type 'char' [-Wchar-subscripts]
    ZeroInsertion_location[j]=i+1;
                          ^
In file included from ../src/echo.c:45:0:
../../vfat3_sdk_bsp/microblaze_0/include/xstatus.h:65:41: warning: 'return' with a value, in function returning void
 #define XST_FAILURE                     1L
                                         ^
../src/echo.c:2051:11: note: in expansion of macro 'XST_FAILURE'
    return XST_FAILURE;
           ^~~~~~~~~~~
../src/echo.c:1823:6: note: declared here
 void HDLC_Tx(XLlFifo *InstancePtr,u32 register_address, u32 register_data,u8 mode,u32* SourceAddr,u8 verbose_mode)
      ^~~~~~~
../src/echo.c: In function 'ReadADC':
../src/echo.c:2102:12: warning: variable 'status' set but not used [-Wunused-but-set-variable]
  unsigned  status;
            ^~~~~~
../src/echo.c: In function 'AdjustIref':
../src/echo.c:2265:12: warning: format '%x' expects argument of type 'unsigned int', but argument 2 has type 'u32 {aka long unsigned int}' [-Wformat=]
   printf("%x ,  %f mv\r\n",register_data, imon_adc);
            ^
../src/echo.c:2281:17: warning: format '%x' expects argument of type 'unsigned int', but argument 2 has type 'u32 {aka long unsigned int}' [-Wformat=]
  printf("Iref= %x , imon= %f mv  adc_value= %x\r\n",register_data, imon_adc,adc_value);
                 ^
../src/echo.c:2287:15: warning: passing argument 2 of 'SendReply' from incompatible pointer type [-Wincompatible-pointer-types]
  SendReply(sd,LUT_CAL_DAC,6);
               ^~~~~~~~~~~
../src/echo.c:136:6: note: expected 'u32 * {aka long unsigned int *}' but argument is of type 'short int *'
 void SendReply(int sd,u32 *Buffer, u32 length);
      ^~~~~~~~~
../src/echo.c: In function 'CalibrateADC':
../src/echo.c:2392:42: warning: format '%X' expects argument of type 'unsigned int', but argument 2 has type 'u32 {aka long unsigned int}' [-Wformat=]
     printf("GBL_CFG_CTR_4 write_value = %X ,  read_value = %X, %d\r\n",register_data,read_data,register_data==read_data);
                                          ^
../src/echo.c:2392:61: warning: format '%X' expects argument of type 'unsigned int', but argument 3 has type 'u32 {aka long unsigned int}' [-Wformat=]
     printf("GBL_CFG_CTR_4 write_value = %X ,  read_value = %X, %d\r\n",register_data,read_data,register_data==read_data);
                                                             ^
../src/echo.c:2452:19: warning: passing argument 2 of 'SendReply' from incompatible pointer type [-Wincompatible-pointer-types]
      SendReply(sd,LUT_CAL_DAC,i*2);
                   ^~~~~~~~~~~
../src/echo.c:136:6: note: expected 'u32 * {aka long unsigned int *}' but argument is of type 'short int *'
 void SendReply(int sd,u32 *Buffer, u32 length);
      ^~~~~~~~~
../src/echo.c:2303:12: warning: variable 'adc_1' set but not used [-Wunused-but-set-variable]
  u32 adc_0,adc_1;
            ^~~~~
../src/echo.c:2303:6: warning: variable 'adc_0' set but not used [-Wunused-but-set-variable]
  u32 adc_0,adc_1;
      ^~~~~
../src/echo.c: In function 'CalibrateCAL_DAC':
../src/echo.c:2639:19: warning: passing argument 2 of 'SendReply' from incompatible pointer type [-Wincompatible-pointer-types]
      SendReply(sd,BV,2);
                   ^~
../src/echo.c:136:6: note: expected 'u32 * {aka long unsigned int *}' but argument is of type 'u16 * {aka short unsigned int *}'
 void SendReply(int sd,u32 *Buffer, u32 length);
      ^~~~~~~~~
../src/echo.c:2640:19: warning: passing argument 2 of 'SendReply' from incompatible pointer type [-Wincompatible-pointer-types]
      SendReply(sd,LUT_CAL_DAC,index*2);
                   ^~~~~~~~~~~
../src/echo.c:136:6: note: expected 'u32 * {aka long unsigned int *}' but argument is of type 'short int *'
 void SendReply(int sd,u32 *Buffer, u32 length);
      ^~~~~~~~~
../src/echo.c:2547:36: warning: unused variable 'charge' [-Wunused-variable]
  double step_voltage, base_voltage,charge = 0;
                                    ^~~~~~
../src/echo.c:2547:23: warning: unused variable 'base_voltage' [-Wunused-variable]
  double step_voltage, base_voltage,charge = 0;
                       ^~~~~~~~~~~~
../src/echo.c:2547:9: warning: unused variable 'step_voltage' [-Wunused-variable]
  double step_voltage, base_voltage,charge = 0;
         ^~~~~~~~~~~~
../src/echo.c: In function 'Scurve':
../src/echo.c:2877:29: warning: passing argument 2 of 'SendReply' from incompatible pointer type [-Wincompatible-pointer-types]
                SendReply(sd,scurve_arr,length_scurve);
                             ^~~~~~~~~~
../src/echo.c:136:6: note: expected 'u32 * {aka long unsigned int *}' but argument is of type 'u8 * {aka unsigned char *}'
 void SendReply(int sd,u32 *Buffer, u32 length);
      ^~~~~~~~~
../src/echo.c:2655:5: warning: unused variable 'p' [-Wunused-variable]
 u64 p=9;
     ^
../src/echo.c: In function 'DecodeDataPacket':
../src/echo.c:2910:5: warning: unused variable 'PKT_LEN' [-Wunused-variable]
  u8 PKT_LEN=22;
     ^~~~~~~
../src/echo.c:2908:5: warning: unused variable 'loop' [-Wunused-variable]
  u8 loop;
     ^~~~
../src/echo.c:2907:5: warning: unused variable 'Header' [-Wunused-variable]
  u8 Header;
     ^~~~~~
../src/echo.c: In function 'echo_application_thread':
../src/echo.c:3128:28: warning: passing argument 2 of 'sys_thread_new' from incompatible pointer type [-Wincompatible-pointer-types]
    sys_thread_new("echos", process_echo_request,
                            ^~~~~~~~~~~~~~~~~~~~
In file included from ../../vfat3_sdk_bsp/microblaze_0/include/netif/xadapter.h:46:0,
                 from ../src/echo.c:37:
../../vfat3_sdk_bsp/microblaze_0/include/lwip/sys.h:230:14: note: expected 'lwip_thread_fn {aka void (*)(void *)}' but argument is of type 'void (*)(void *, XLlFifo *) {aka void (*)(void *, struct XLlFifo *)}'
 sys_thread_t sys_thread_new(const char *name, lwip_thread_fn thread, void *arg, int stacksize, int prio);
              ^~~~~~~~~~~~~~
Finished building: ../src/echo.c
 
Building file: ../src/iic_phyreset.c
Invoking: MicroBlaze gcc compiler
mb-gcc -Wall -O3 -g3 -c -fmessage-length=0 -MT"src/iic_phyreset.o" -mxl-frequency -I../../vfat3_sdk_bsp/microblaze_0/include -mlittle-endian -mxl-barrel-shift -mxl-pattern-compare -mno-xl-soft-div -mcpu=v10.0 -mno-xl-soft-mul -mxl-multiply-high -mhard-float -mxl-float-convert -mxl-float-sqrt -Wl,--no-relax -ffunction-sections -fdata-sections -MMD -MP -MF"src/iic_phyreset.d" -MT"src/iic_phyreset.o" -o "src/iic_phyreset.o" "../src/iic_phyreset.c"
Finished building: ../src/iic_phyreset.c
 
Building file: ../src/main.c
Invoking: MicroBlaze gcc compiler
mb-gcc -Wall -O3 -g3 -c -fmessage-length=0 -MT"src/main.o" -mxl-frequency -I../../vfat3_sdk_bsp/microblaze_0/include -mlittle-endian -mxl-barrel-shift -mxl-pattern-compare -mno-xl-soft-div -mcpu=v10.0 -mno-xl-soft-mul -mxl-multiply-high -mhard-float -mxl-float-convert -mxl-float-sqrt -Wl,--no-relax -ffunction-sections -fdata-sections -MMD -MP -MF"src/main.d" -MT"src/main.o" -o "src/main.o" "../src/main.c"
Finished building: ../src/main.c
 
Building target: vfat3_sdk.elf
Invoking: MicroBlaze gcc linker
mb-gcc -Wl,-T -Wl,../src/lscript.ld -L../../vfat3_sdk_bsp/microblaze_0/lib -mlittle-endian -mxl-barrel-shift -mxl-pattern-compare -mno-xl-soft-div -mcpu=v10.0 -mno-xl-soft-mul -mxl-multiply-high -mhard-float -mxl-float-convert -mxl-float-sqrt -Wl,--no-relax -Wl,--gc-sections -o "vfat3_sdk.elf"  ./src/echo.o ./src/iic_phyreset.o ./src/main.o   -Wl,--start-group,-lxil,-lfreertos,-lgcc,-lc,--end-group -Wl,--start-group,-lxil,-llwip4,-lgcc,-lc,--end-group
Finished building target: vfat3_sdk.elf
 
Invoking: MicroBlaze Print Size
mb-size vfat3_sdk.elf  |tee "vfat3_sdk.elf.size"
   text	   data	    bss	    dec	    hex	filename
 263525	   1824	3966175	4231524	 409164	vfat3_sdk.elf
Finished building: vfat3_sdk.elf.size
 
18:52:47 **** Clean-only build of configuration Debug for project vfat3_sdk ****
make clean 
rm -rf  ./src/echo.o ./src/iic_phyreset.o ./src/main.o  ./src/echo.d ./src/iic_phyreset.d ./src/main.d  vfat3_sdk.elf.size  vfat3_sdk.elf
 
18:52:47 **** Auto Build of configuration Debug for project vfat3_sdk ****
make all 
Building file: ../src/echo.c
Invoking: MicroBlaze gcc compiler
mb-gcc -Wall -O3 -g3 -c -fmessage-length=0 -MT"src/echo.o" -mxl-frequency -I../../vfat3_sdk_bsp/microblaze_0/include -mlittle-endian -mxl-barrel-shift -mxl-pattern-compare -mno-xl-soft-div -mcpu=v10.0 -mno-xl-soft-mul -mxl-multiply-high -mhard-float -mxl-float-convert -mxl-float-sqrt -Wl,--no-relax -ffunction-sections -fdata-sections -MMD -MP -MF"src/echo.d" -MT"src/echo.o" -o "src/echo.o" "../src/echo.c"
../src/echo.c: In function 'send_sync_command':
../src/echo.c:285:5: warning: implicit declaration of function 'usleep' [-Wimplicit-function-declaration]
     usleep(1000);usleep(1000);usleep(1000);
     ^~~~~~
../src/echo.c:254:8: warning: variable 'Error' set but not used [-Wunused-but-set-variable]
    int Error;
        ^~~~~
../src/echo.c: In function 'Receive_fast_command':
../src/echo.c:451:5: warning: unused variable 'PKT_LEN' [-Wunused-variable]
  u8 PKT_LEN=22;
     ^~~~~~~
../src/echo.c:450:5: warning: unused variable 'indexx' [-Wunused-variable]
  u8 indexx;
     ^~~~~~
../src/echo.c:449:5: warning: unused variable 'loop' [-Wunused-variable]
  u8 loop;
     ^~~~
../src/echo.c:448:5: warning: unused variable 'Header' [-Wunused-variable]
  u8 Header;
     ^~~~~~
../src/echo.c:446:8: warning: unused variable 'j' [-Wunused-variable]
  u32 i,j;
        ^
../src/echo.c:446:6: warning: unused variable 'i' [-Wunused-variable]
  u32 i,j;
      ^
In file included from ../src/echo.c:45:0:
../src/echo.c: In function 'Initialize_everything':
../../vfat3_sdk_bsp/microblaze_0/include/xstatus.h:65:41: warning: 'return' with a value, in function returning void
 #define XST_FAILURE                     1L
                                         ^
../src/echo.c:579:11: note: in expansion of macro 'XST_FAILURE'
    return XST_FAILURE;
           ^~~~~~~~~~~
../src/echo.c:565:6: note: declared here
 void Initialize_everything()
      ^~~~~~~~~~~~~~~~~~~~~
In file included from ../src/echo.c:45:0:
../../vfat3_sdk_bsp/microblaze_0/include/xstatus.h:64:41: warning: 'return' with a value, in function returning void
 #define XST_SUCCESS                     0L
                                         ^
../src/echo.c:665:9: note: in expansion of macro 'XST_SUCCESS'
  return XST_SUCCESS;
         ^~~~~~~~~~~
../src/echo.c:565:6: note: declared here
 void Initialize_everything()
      ^~~~~~~~~~~~~~~~~~~~~
../src/echo.c: In function 'Initialize_fifo':
../src/echo.c:876:7: warning: unused variable 'Error' [-Wunused-variable]
   int Error;
       ^~~~~
../src/echo.c:875:7: warning: unused variable 'i' [-Wunused-variable]
   int i;
       ^
../src/echo.c: In function 'RxReceive':
../src/echo.c:914:6: warning: unused variable 'Status' [-Wunused-variable]
  int Status;
      ^~~~~~
../src/echo.c: In function 'XLlFifoPollingExample':
../src/echo.c:999:6: warning: variable 'Error' set but not used [-Wunused-but-set-variable]
  int Error;
      ^~~~~
../src/echo.c:998:6: warning: unused variable 'i' [-Wunused-variable]
  int i;
      ^
../src/echo.c:995:18: warning: unused variable 'Config' [-Wunused-variable]
  XLlFifo_Config *Config;
                  ^~~~~~
../src/echo.c: In function 'TxSend':
../src/echo.c:1108:6: warning: unused variable 'j' [-Wunused-variable]
  u32 j;
      ^
../src/echo.c:1107:6: warning: unused variable 'i' [-Wunused-variable]
  u32 i;
      ^
In file included from ../src/echo.c:45:0:
../src/echo.c: In function 'check_fifo':
../../vfat3_sdk_bsp/microblaze_0/include/xstatus.h:65:41: warning: 'return' with a value, in function returning void
 #define XST_FAILURE                     1L
                                         ^
../src/echo.c:1184:10: note: in expansion of macro 'XST_FAILURE'
   return XST_FAILURE;
          ^~~~~~~~~~~
../src/echo.c:1157:6: note: declared here
 void check_fifo(u32  *SourceAddr,u32 data_len,u8 verbose_mode)
      ^~~~~~~~~~
In file included from ../src/echo.c:45:0:
../../vfat3_sdk_bsp/microblaze_0/include/xstatus.h:64:41: warning: 'return' with a value, in function returning void
 #define XST_SUCCESS                     0L
                                         ^
../src/echo.c:1190:9: note: in expansion of macro 'XST_SUCCESS'
  return XST_SUCCESS;
         ^~~~~~~~~~~
../src/echo.c:1157:6: note: declared here
 void check_fifo(u32  *SourceAddr,u32 data_len,u8 verbose_mode)
      ^~~~~~~~~~
../src/echo.c:1160:5: warning: unused variable 'i' [-Wunused-variable]
 u32 i;
     ^
../src/echo.c: At top level:
../src/echo.c:1223:9: warning: type defaults to 'int' in declaration of 'crc_ok' [-Wimplicit-int]
 extern  crc_ok;
         ^~~~~~
../src/echo.c: In function 'HDLC_Rx':
../src/echo.c:1776:49: warning: pointer targets in passing argument 1 of 'crc16' differ in signedness [-Wpointer-sign]
                           crc_calculated= crc16(rcv_arr,k+1);
                                                 ^~~~~~~
../src/echo.c:1271:14: note: expected 'char *' but argument is of type 'u8 * {aka unsigned char *}'
 unsigned int crc16(char *data_p, unsigned short length)
              ^~~~~
../src/echo.c:1351:4: warning: unused variable 'type_id' [-Wunused-variable]
 u8 type_id=0xaa;
    ^~~~~~~
../src/echo.c:1309:5: warning: unused variable 'hdlc_control' [-Wunused-variable]
  u8 hdlc_control = 0xff;
     ^~~~~~~~~~~~
../src/echo.c:1308:5: warning: unused variable 'hdlc_address' [-Wunused-variable]
  u8 hdlc_address = 0xff;
     ^~~~~~~~~~~~
../src/echo.c: In function 'HDLC_Tx':
../src/echo.c:1876:17: warning: pointer targets in passing argument 1 of 'crc16' differ in signedness [-Wpointer-sign]
   ut1.crc=crc16(hdlc_tx, length);
                 ^~~~~~~
../src/echo.c:1271:14: note: expected 'char *' but argument is of type 'u8 * {aka unsigned char *}'
 unsigned int crc16(char *data_p, unsigned short length)
              ^~~~~
../src/echo.c:1998:26: warning: array subscript has type 'char' [-Wchar-subscripts]
    ZeroInsertion_location[j]=i+1;
                          ^
In file included from ../src/echo.c:45:0:
../../vfat3_sdk_bsp/microblaze_0/include/xstatus.h:65:41: warning: 'return' with a value, in function returning void
 #define XST_FAILURE                     1L
                                         ^
../src/echo.c:2051:11: note: in expansion of macro 'XST_FAILURE'
    return XST_FAILURE;
           ^~~~~~~~~~~
../src/echo.c:1823:6: note: declared here
 void HDLC_Tx(XLlFifo *InstancePtr,u32 register_address, u32 register_data,u8 mode,u32* SourceAddr,u8 verbose_mode)
      ^~~~~~~
../src/echo.c: In function 'ReadADC':
../src/echo.c:2102:12: warning: variable 'status' set but not used [-Wunused-but-set-variable]
  unsigned  status;
            ^~~~~~
../src/echo.c: In function 'AdjustIref':
../src/echo.c:2265:12: warning: format '%x' expects argument of type 'unsigned int', but argument 2 has type 'u32 {aka long unsigned int}' [-Wformat=]
   printf("%x ,  %f mv\r\n",register_data, imon_adc);
            ^
../src/echo.c:2281:17: warning: format '%x' expects argument of type 'unsigned int', but argument 2 has type 'u32 {aka long unsigned int}' [-Wformat=]
  printf("Iref= %x , imon= %f mv  adc_value= %x\r\n",register_data, imon_adc,adc_value);
                 ^
../src/echo.c:2287:15: warning: passing argument 2 of 'SendReply' from incompatible pointer type [-Wincompatible-pointer-types]
  SendReply(sd,LUT_CAL_DAC,6);
               ^~~~~~~~~~~
../src/echo.c:136:6: note: expected 'u32 * {aka long unsigned int *}' but argument is of type 'short int *'
 void SendReply(int sd,u32 *Buffer, u32 length);
      ^~~~~~~~~
../src/echo.c: In function 'CalibrateADC':
../src/echo.c:2392:42: warning: format '%X' expects argument of type 'unsigned int', but argument 2 has type 'u32 {aka long unsigned int}' [-Wformat=]
     printf("GBL_CFG_CTR_4 write_value = %X ,  read_value = %X, %d\r\n",register_data,read_data,register_data==read_data);
                                          ^
../src/echo.c:2392:61: warning: format '%X' expects argument of type 'unsigned int', but argument 3 has type 'u32 {aka long unsigned int}' [-Wformat=]
     printf("GBL_CFG_CTR_4 write_value = %X ,  read_value = %X, %d\r\n",register_data,read_data,register_data==read_data);
                                                             ^
../src/echo.c:2452:19: warning: passing argument 2 of 'SendReply' from incompatible pointer type [-Wincompatible-pointer-types]
      SendReply(sd,LUT_CAL_DAC,i*2);
                   ^~~~~~~~~~~
../src/echo.c:136:6: note: expected 'u32 * {aka long unsigned int *}' but argument is of type 'short int *'
 void SendReply(int sd,u32 *Buffer, u32 length);
      ^~~~~~~~~
../src/echo.c:2303:12: warning: variable 'adc_1' set but not used [-Wunused-but-set-variable]
  u32 adc_0,adc_1;
            ^~~~~
../src/echo.c:2303:6: warning: variable 'adc_0' set but not used [-Wunused-but-set-variable]
  u32 adc_0,adc_1;
      ^~~~~
../src/echo.c: In function 'CalibrateCAL_DAC':
../src/echo.c:2639:19: warning: passing argument 2 of 'SendReply' from incompatible pointer type [-Wincompatible-pointer-types]
      SendReply(sd,BV,2);
                   ^~
../src/echo.c:136:6: note: expected 'u32 * {aka long unsigned int *}' but argument is of type 'u16 * {aka short unsigned int *}'
 void SendReply(int sd,u32 *Buffer, u32 length);
      ^~~~~~~~~
../src/echo.c:2640:19: warning: passing argument 2 of 'SendReply' from incompatible pointer type [-Wincompatible-pointer-types]
      SendReply(sd,LUT_CAL_DAC,index*2);
                   ^~~~~~~~~~~
[...]
    ZeroInsertion_location[j]=i+1;
                          ^
In file included from ../src/echo.c:45:0:
../../vfat3_sdk_bsp/microblaze_0/include/xstatus.h:65:41: warning: 'return' with a value, in function returning void
 #define XST_FAILURE                     1L
                                         ^
../src/echo.c:2051:11: note: in expansion of macro 'XST_FAILURE'
    return XST_FAILURE;
           ^~~~~~~~~~~
../src/echo.c:1823:6: note: declared here
 void HDLC_Tx(XLlFifo *InstancePtr,u32 register_address, u32 register_data,u8 mode,u32* SourceAddr,u8 verbose_mode)
      ^~~~~~~
../src/echo.c: In function 'ReadADC':
../src/echo.c:2102:12: warning: variable 'status' set but not used [-Wunused-but-set-variable]
  unsigned  status;
            ^~~~~~
../src/echo.c: In function 'AdjustIref':
../src/echo.c:2265:12: warning: format '%x' expects argument of type 'unsigned int', but argument 2 has type 'u32 {aka long unsigned int}' [-Wformat=]
   printf("%x ,  %f mv\r\n",register_data, imon_adc);
            ^
../src/echo.c:2281:17: warning: format '%x' expects argument of type 'unsigned int', but argument 2 has type 'u32 {aka long unsigned int}' [-Wformat=]
  printf("Iref= %x , imon= %f mv  adc_value= %x\r\n",register_data, imon_adc,adc_value);
                 ^
../src/echo.c:2287:15: warning: passing argument 2 of 'SendReply' from incompatible pointer type [-Wincompatible-pointer-types]
  SendReply(sd,LUT_CAL_DAC,6);
               ^~~~~~~~~~~
../src/echo.c:136:6: note: expected 'u32 * {aka long unsigned int *}' but argument is of type 'short int *'
 void SendReply(int sd,u32 *Buffer, u32 length);
      ^~~~~~~~~
../src/echo.c: In function 'CalibrateADC':
../src/echo.c:2392:42: warning: format '%X' expects argument of type 'unsigned int', but argument 2 has type 'u32 {aka long unsigned int}' [-Wformat=]
     printf("GBL_CFG_CTR_4 write_value = %X ,  read_value = %X, %d\r\n",register_data,read_data,register_data==read_data);
                                          ^
../src/echo.c:2392:61: warning: format '%X' expects argument of type 'unsigned int', but argument 3 has type 'u32 {aka long unsigned int}' [-Wformat=]
     printf("GBL_CFG_CTR_4 write_value = %X ,  read_value = %X, %d\r\n",register_data,read_data,register_data==read_data);
                                                             ^
../src/echo.c:2452:19: warning: passing argument 2 of 'SendReply' from incompatible pointer type [-Wincompatible-pointer-types]
      SendReply(sd,LUT_CAL_DAC,i*2);
                   ^~~~~~~~~~~
../src/echo.c:136:6: note: expected 'u32 * {aka long unsigned int *}' but argument is of type 'short int *'
 void SendReply(int sd,u32 *Buffer, u32 length);
      ^~~~~~~~~
../src/echo.c:2303:12: warning: variable 'adc_1' set but not used [-Wunused-but-set-variable]
  u32 adc_0,adc_1;
            ^~~~~
../src/echo.c:2303:6: warning: variable 'adc_0' set but not used [-Wunused-but-set-variable]
  u32 adc_0,adc_1;
      ^~~~~
../src/echo.c: In function 'CalibrateCAL_DAC':
../src/echo.c:2639:19: warning: passing argument 2 of 'SendReply' from incompatible pointer type [-Wincompatible-pointer-types]
      SendReply(sd,BV,2);
                   ^~
../src/echo.c:136:6: note: expected 'u32 * {aka long unsigned int *}' but argument is of type 'u16 * {aka short unsigned int *}'
 void SendReply(int sd,u32 *Buffer, u32 length);
      ^~~~~~~~~
../src/echo.c:2640:19: warning: passing argument 2 of 'SendReply' from incompatible pointer type [-Wincompatible-pointer-types]
      SendReply(sd,LUT_CAL_DAC,index*2);
                   ^~~~~~~~~~~
../src/echo.c:136:6: note: expected 'u32 * {aka long unsigned int *}' but argument is of type 'short int *'
 void SendReply(int sd,u32 *Buffer, u32 length);
      ^~~~~~~~~
../src/echo.c:2547:36: warning: unused variable 'charge' [-Wunused-variable]
  double step_voltage, base_voltage,charge = 0;
                                    ^~~~~~
../src/echo.c:2547:23: warning: unused variable 'base_voltage' [-Wunused-variable]
  double step_voltage, base_voltage,charge = 0;
                       ^~~~~~~~~~~~
../src/echo.c:2547:9: warning: unused variable 'step_voltage' [-Wunused-variable]
  double step_voltage, base_voltage,charge = 0;
         ^~~~~~~~~~~~
../src/echo.c: In function 'Scurve':
../src/echo.c:2877:29: warning: passing argument 2 of 'SendReply' from incompatible pointer type [-Wincompatible-pointer-types]
                SendReply(sd,scurve_arr,length_scurve);
                             ^~~~~~~~~~
../src/echo.c:136:6: note: expected 'u32 * {aka long unsigned int *}' but argument is of type 'u8 * {aka unsigned char *}'
 void SendReply(int sd,u32 *Buffer, u32 length);
      ^~~~~~~~~
../src/echo.c:2655:5: warning: unused variable 'p' [-Wunused-variable]
 u64 p=9;
     ^
../src/echo.c: In function 'DecodeDataPacket':
../src/echo.c:2910:5: warning: unused variable 'PKT_LEN' [-Wunused-variable]
  u8 PKT_LEN=22;
     ^~~~~~~
../src/echo.c:2908:5: warning: unused variable 'loop' [-Wunused-variable]
  u8 loop;
     ^~~~
../src/echo.c:2907:5: warning: unused variable 'Header' [-Wunused-variable]
  u8 Header;
     ^~~~~~
../src/echo.c: In function 'echo_application_thread':
../src/echo.c:3128:28: warning: passing argument 2 of 'sys_thread_new' from incompatible pointer type [-Wincompatible-pointer-types]
    sys_thread_new("echos", process_echo_request,
                            ^~~~~~~~~~~~~~~~~~~~
In file included from ../../vfat3_sdk_bsp/microblaze_0/include/netif/xadapter.h:46:0,
                 from ../src/echo.c:37:
../../vfat3_sdk_bsp/microblaze_0/include/lwip/sys.h:230:14: note: expected 'lwip_thread_fn {aka void (*)(void *)}' but argument is of type 'void (*)(void *, XLlFifo *) {aka void (*)(void *, struct XLlFifo *)}'
 sys_thread_t sys_thread_new(const char *name, lwip_thread_fn thread, void *arg, int stacksize, int prio);
              ^~~~~~~~~~~~~~
Finished building: ../src/echo.c
 
Building target: vfat3_sdk.elf
Invoking: MicroBlaze gcc linker
mb-gcc -Wl,-T -Wl,../src/lscript.ld -L../../vfat3_sdk_bsp/microblaze_0/lib -mlittle-endian -mxl-barrel-shift -mxl-pattern-compare -mno-xl-soft-div -mcpu=v10.0 -mno-xl-soft-mul -mxl-multiply-high -mhard-float -mxl-float-convert -mxl-float-sqrt -Wl,--no-relax -Wl,--gc-sections -o "vfat3_sdk.elf"  ./src/echo.o ./src/iic_phyreset.o ./src/main.o   -Wl,--start-group,-lxil,-lfreertos,-lgcc,-lc,--end-group -Wl,--start-group,-lxil,-llwip4,-lgcc,-lc,--end-group
Finished building target: vfat3_sdk.elf
 
Invoking: MicroBlaze Print Size
mb-size vfat3_sdk.elf  |tee "vfat3_sdk.elf.size"
   text	   data	    bss	    dec	    hex	filename
 263473	   1824	3966179	4231476	 409134	vfat3_sdk.elf
Finished building: vfat3_sdk.elf.size
 
23:25:47 **** Incremental Build of configuration Debug for project VFAT3_TB ****
make all 
make: Nothing to be done for `all'.
23:25:47 **** Incremental Build of configuration Debug for project vfat3_sdk ****
make all 
make: Nothing to be done for `all'.
23:28:29 **** Auto Build of configuration Debug for project vfat3_sdk ****
make all 
Building file: ../src/echo.c
Invoking: MicroBlaze gcc compiler
mb-gcc -Wall -O3 -g3 -c -fmessage-length=0 -MT"src/echo.o" -mxl-frequency -mxl-frequency -I../../vfat3_sdk_bsp/microblaze_0/include -mlittle-endian -mxl-barrel-shift -mxl-pattern-compare -mno-xl-soft-div -mcpu=v10.0 -mno-xl-soft-mul -mxl-multiply-high -mhard-float -mxl-float-convert -mxl-float-sqrt -Wl,--no-relax -ffunction-sections -fdata-sections -MMD -MP -MF"src/echo.d" -MT"src/echo.o" -o "src/echo.o" "../src/echo.c"
../src/echo.c: In function 'send_sync_command':
../src/echo.c:285:5: warning: implicit declaration of function 'usleep' [-Wimplicit-function-declaration]
     usleep(1000);usleep(1000);usleep(1000);
     ^~~~~~
../src/echo.c:254:8: warning: variable 'Error' set but not used [-Wunused-but-set-variable]
    int Error;
        ^~~~~
../src/echo.c: In function 'Receive_fast_command':
../src/echo.c:451:5: warning: unused variable 'PKT_LEN' [-Wunused-variable]
  u8 PKT_LEN=22;
     ^~~~~~~
../src/echo.c:450:5: warning: unused variable 'indexx' [-Wunused-variable]
  u8 indexx;
     ^~~~~~
../src/echo.c:449:5: warning: unused variable 'loop' [-Wunused-variable]
  u8 loop;
     ^~~~
../src/echo.c:448:5: warning: unused variable 'Header' [-Wunused-variable]
  u8 Header;
     ^~~~~~
../src/echo.c:446:8: warning: unused variable 'j' [-Wunused-variable]
  u32 i,j;
        ^
../src/echo.c:446:6: warning: unused variable 'i' [-Wunused-variable]
  u32 i,j;
      ^
In file included from ../src/echo.c:45:0:
../src/echo.c: In function 'Initialize_everything':
../../vfat3_sdk_bsp/microblaze_0/include/xstatus.h:65:41: warning: 'return' with a value, in function returning void
 #define XST_FAILURE                     1L
                                         ^
../src/echo.c:579:11: note: in expansion of macro 'XST_FAILURE'
    return XST_FAILURE;
           ^~~~~~~~~~~
../src/echo.c:565:6: note: declared here
 void Initialize_everything()
      ^~~~~~~~~~~~~~~~~~~~~
In file included from ../src/echo.c:45:0:
../../vfat3_sdk_bsp/microblaze_0/include/xstatus.h:64:41: warning: 'return' with a value, in function returning void
 #define XST_SUCCESS                     0L
                                         ^
../src/echo.c:665:9: note: in expansion of macro 'XST_SUCCESS'
  return XST_SUCCESS;
         ^~~~~~~~~~~
../src/echo.c:565:6: note: declared here
 void Initialize_everything()
      ^~~~~~~~~~~~~~~~~~~~~
../src/echo.c: In function 'Initialize_fifo':
../src/echo.c:876:7: warning: unused variable 'Error' [-Wunused-variable]
   int Error;
       ^~~~~
../src/echo.c:875:7: warning: unused variable 'i' [-Wunused-variable]
   int i;
       ^
../src/echo.c: In function 'RxReceive':
../src/echo.c:914:6: warning: unused variable 'Status' [-Wunused-variable]
  int Status;
      ^~~~~~
../src/echo.c: In function 'XLlFifoPollingExample':
../src/echo.c:999:6: warning: variable 'Error' set but not used [-Wunused-but-set-variable]
  int Error;
      ^~~~~
../src/echo.c:998:6: warning: unused variable 'i' [-Wunused-variable]
  int i;
      ^
../src/echo.c:995:18: warning: unused variable 'Config' [-Wunused-variable]
  XLlFifo_Config *Config;
                  ^~~~~~
../src/echo.c: In function 'TxSend':
../src/echo.c:1108:6: warning: unused variable 'j' [-Wunused-variable]
  u32 j;
      ^
../src/echo.c:1107:6: warning: unused variable 'i' [-Wunused-variable]
  u32 i;
      ^
In file included from ../src/echo.c:45:0:
../src/echo.c: In function 'check_fifo':
../../vfat3_sdk_bsp/microblaze_0/include/xstatus.h:65:41: warning: 'return' with a value, in function returning void
 #define XST_FAILURE                     1L
                                         ^
../src/echo.c:1184:10: note: in expansion of macro 'XST_FAILURE'
   return XST_FAILURE;
          ^~~~~~~~~~~
../src/echo.c:1157:6: note: declared here
 void check_fifo(u32  *SourceAddr,u32 data_len,u8 verbose_mode)
      ^~~~~~~~~~
In file included from ../src/echo.c:45:0:
../../vfat3_sdk_bsp/microblaze_0/include/xstatus.h:64:41: warning: 'return' with a value, in function returning void
 #define XST_SUCCESS                     0L
                                         ^
../src/echo.c:1190:9: note: in expansion of macro 'XST_SUCCESS'
  return XST_SUCCESS;
         ^~~~~~~~~~~
../src/echo.c:1157:6: note: declared here
 void check_fifo(u32  *SourceAddr,u32 data_len,u8 verbose_mode)
      ^~~~~~~~~~
../src/echo.c:1160:5: warning: unused variable 'i' [-Wunused-variable]
 u32 i;
     ^
../src/echo.c: At top level:
../src/echo.c:1223:9: warning: type defaults to 'int' in declaration of 'crc_ok' [-Wimplicit-int]
 extern  crc_ok;
         ^~~~~~
../src/echo.c: In function 'HDLC_Rx':
../src/echo.c:1776:49: warning: pointer targets in passing argument 1 of 'crc16' differ in signedness [-Wpointer-sign]
                           crc_calculated= crc16(rcv_arr,k+1);
                                                 ^~~~~~~
../src/echo.c:1271:14: note: expected 'char *' but argument is of type 'u8 * {aka unsigned char *}'
 unsigned int crc16(char *data_p, unsigned short length)
              ^~~~~
../src/echo.c:1351:4: warning: unused variable 'type_id' [-Wunused-variable]
 u8 type_id=0xaa;
    ^~~~~~~
../src/echo.c:1309:5: warning: unused variable 'hdlc_control' [-Wunused-variable]
  u8 hdlc_control = 0xff;
     ^~~~~~~~~~~~
../src/echo.c:1308:5: warning: unused variable 'hdlc_address' [-Wunused-variable]
  u8 hdlc_address = 0xff;
     ^~~~~~~~~~~~
../src/echo.c: In function 'HDLC_Tx':
../src/echo.c:1876:17: warning: pointer targets in passing argument 1 of 'crc16' differ in signedness [-Wpointer-sign]
   ut1.crc=crc16(hdlc_tx, length);
                 ^~~~~~~
../src/echo.c:1271:14: note: expected 'char *' but argument is of type 'u8 * {aka unsigned char *}'
 unsigned int crc16(char *data_p, unsigned short length)
              ^~~~~
../src/echo.c:1998:26: warning: array subscript has type 'char' [-Wchar-subscripts]
    ZeroInsertion_location[j]=i+1;
                          ^
In file included from ../src/echo.c:45:0:
../../vfat3_sdk_bsp/microblaze_0/include/xstatus.h:65:41: warning: 'return' with a value, in function returning void
 #define XST_FAILURE                     1L
                                         ^
../src/echo.c:2051:11: note: in expansion of macro 'XST_FAILURE'
    return XST_FAILURE;
           ^~~~~~~~~~~
../src/echo.c:1823:6: note: declared here
 void HDLC_Tx(XLlFifo *InstancePtr,u32 register_address, u32 register_data,u8 mode,u32* SourceAddr,u8 verbose_mode)
      ^~~~~~~
../src/echo.c: In function 'ReadADC':
../src/echo.c:2102:12: warning: variable 'status' set but not used [-Wunused-but-set-variable]
  unsigned  status;
            ^~~~~~
../src/echo.c: In function 'AdjustIref':
../src/echo.c:2265:12: warning: format '%x' expects argument of type 'unsigned int', but argument 2 has type 'u32 {aka long unsigned int}' [-Wformat=]
   printf("%x ,  %f mv\r\n",register_data, imon_adc);
            ^
../src/echo.c:2281:17: warning: format '%x' expects argument of type 'unsigned int', but argument 2 has type 'u32 {aka long unsigned int}' [-Wformat=]
  printf("Iref= %x , imon= %f mv  adc_value= %x\r\n",register_data, imon_adc,adc_value);
                 ^
../src/echo.c:2287:15: warning: passing argument 2 of 'SendReply' from incompatible pointer type [-Wincompatible-pointer-types]
  SendReply(sd,LUT_CAL_DAC,6);
               ^~~~~~~~~~~
../src/echo.c:136:6: note: expected 'u32 * {aka long unsigned int *}' but argument is of type 'short int *'
 void SendReply(int sd,u32 *Buffer, u32 length);
      ^~~~~~~~~
../src/echo.c: In function 'CalibrateADC':
../src/echo.c:2392:42: warning: format '%X' expects argument of type 'unsigned int', but argument 2 has type 'u32 {aka long unsigned int}' [-Wformat=]
     printf("GBL_CFG_CTR_4 write_value = %X ,  read_value = %X, %d\r\n",register_data,read_data,register_data==read_data);
                                          ^
../src/echo.c:2392:61: warning: format '%X' expects argument of type 'unsigned int', but argument 3 has type 'u32 {aka long unsigned int}' [-Wformat=]
     printf("GBL_CFG_CTR_4 write_value = %X ,  read_value = %X, %d\r\n",register_data,read_data,register_data==read_data);
                                                             ^
../src/echo.c:2452:19: warning: passing argument 2 of 'SendReply' from incompatible pointer type [-Wincompatible-pointer-types]
      SendReply(sd,LUT_CAL_DAC,i*2);
                   ^~~~~~~~~~~
../src/echo.c:136:6: note: expected 'u32 * {aka long unsigned int *}' but argument is of type 'short int *'
 void SendReply(int sd,u32 *Buffer, u32 length);
      ^~~~~~~~~
../src/echo.c:2303:12: warning: variable 'adc_1' set but not used [-Wunused-but-set-variable]
  u32 adc_0,adc_1;
            ^~~~~
../src/echo.c:2303:6: warning: variable 'adc_0' set but not used [-Wunused-but-set-variable]
  u32 adc_0,adc_1;
      ^~~~~
../src/echo.c: In function 'CalibrateCAL_DAC':
../src/echo.c:2639:19: warning: passing argument 2 of 'SendReply' from incompatible pointer type [-Wincompatible-pointer-types]
      SendReply(sd,BV,2);
                   ^~
../src/echo.c:136:6: note: expected 'u32 * {aka long unsigned int *}' but argument is of type 'u16 * {aka short unsigned int *}'
 void SendReply(int sd,u32 *Buffer, u32 length);
      ^~~~~~~~~
../src/echo.c:2640:19: warning: passing argument 2 of 'SendReply' from incompatible pointer type [-Wincompatible-pointer-types]
      SendReply(sd,LUT_CAL_DAC,index*2);
                   ^~~~~~~~~~~
../src/echo.c:136:6: note: expected 'u32 * {aka long unsigned int *}' but argument is of type 'short int *'
 void SendReply(int sd,u32 *Buffer, u32 length);
      ^~~~~~~~~
../src/echo.c:2547:36: warning: unused variable 'charge' [-Wunused-variable]
  double step_voltage, base_voltage,charge = 0;
                                    ^~~~~~
../src/echo.c:2547:23: warning: unused variable 'base_voltage' [-Wunused-variable]
  double step_voltage, base_voltage,charge = 0;
                       ^~~~~~~~~~~~
../src/echo.c:2547:9: warning: unused variable 'step_voltage' [-Wunused-variable]
  double step_voltage, base_voltage,charge = 0;
         ^~~~~~~~~~~~
../src/echo.c: In function 'Scurve':
../src/echo.c:2877:29: warning: passing argument 2 of 'SendReply' from incompatible pointer type [-Wincompatible-pointer-types]
                SendReply(sd,scurve_arr,length_scurve);
                             ^~~~~~~~~~
../src/echo.c:136:6: note: expected 'u32 * {aka long unsigned int *}' but argument is of type 'u8 * {aka unsigned char *}'
 void SendReply(int sd,u32 *Buffer, u32 length);
      ^~~~~~~~~
../src/echo.c:2655:5: warning: unused variable 'p' [-Wunused-variable]
 u64 p=9;
     ^
../src/echo.c: In function 'DecodeDataPacket':
../src/echo.c:2910:5: warning: unused variable 'PKT_LEN' [-Wunused-variable]
  u8 PKT_LEN=22;
     ^~~~~~~
../src/echo.c:2908:5: warning: unused variable 'loop' [-Wunused-variable]
  u8 loop;
     ^~~~
../src/echo.c:2907:5: warning: unused variable 'Header' [-Wunused-variable]
  u8 Header;
     ^~~~~~
../src/echo.c: In function 'echo_application_thread':
../src/echo.c:3128:28: warning: passing argument 2 of 'sys_thread_new' from incompatible pointer type [-Wincompatible-pointer-types]
    sys_thread_new("echos", process_echo_request,
                            ^~~~~~~~~~~~~~~~~~~~
In file included from ../../vfat3_sdk_bsp/microblaze_0/include/netif/xadapter.h:46:0,
                 from ../src/echo.c:37:
../../vfat3_sdk_bsp/microblaze_0/include/lwip/sys.h:230:14: note: expected 'lwip_thread_fn {aka void (*)(void *)}' but argument is of type 'void (*)(void *, XLlFifo *) {aka void (*)(void *, struct XLlFifo *)}'
 sys_thread_t sys_thread_new(const char *name, lwip_thread_fn thread, void *arg, int stacksize, int prio);
              ^~~~~~~~~~~~~~
Finished building: ../src/echo.c
 
Building target: vfat3_sdk.elf
Invoking: MicroBlaze gcc linker
mb-gcc -Wl,-T -Wl,../src/lscript.ld -L../../vfat3_sdk_bsp/microblaze_0/lib -mlittle-endian -mxl-barrel-shift -mxl-pattern-compare -mno-xl-soft-div -mcpu=v10.0 -mno-xl-soft-mul -mxl-multiply-high -mhard-float -mxl-float-convert -mxl-float-sqrt -Wl,--no-relax -Wl,--gc-sections -o "vfat3_sdk.elf"  ./src/echo.o ./src/iic_phyreset.o ./src/main.o   -Wl,--start-group,-lxil,-lfreertos,-lgcc,-lc,--end-group -Wl,--start-group,-lxil,-llwip4,-lgcc,-lc,--end-group
Finished building target: vfat3_sdk.elf
 
Invoking: MicroBlaze Print Size
mb-size vfat3_sdk.elf  |tee "vfat3_sdk.elf.size"
   text	   data	    bss	    dec	    hex	filename
 263485	   1824	3966175	4231484	 40913c	vfat3_sdk.elf
Finished building: vfat3_sdk.elf.size
 
23:28:42 **** Incremental Build of configuration Debug for project VFAT3_TB ****
make all 
make: Nothing to be done for `all'.
23:28:42 **** Incremental Build of configuration Debug for project vfat3_sdk ****
make all 
make: Nothing to be done for `all'.
