#-----------------------------------------------------------
# Vivado v2017.4 (64-bit)
# SW Build 2086221 on Fri Dec 15 20:55:39 MST 2017
# IP Build 2085800 on Fri Dec 15 22:25:07 MST 2017
# Start of session at: Wed Mar 28 13:38:11 2018
# Process ID: 3280
# Current directory: F:/XAPP1026/KC705_AxiEth_150MHZ_64KB/vfat3_firmware/HW
# Command line: vivado.exe -gui_launcher_event rodinguilauncherevent4872 F:\XAPP1026\KC705_AxiEth_150MHZ_64KB\vfat3_firmware\HW\project_2.xpr
# Log file: F:/XAPP1026/KC705_AxiEth_150MHZ_64KB/vfat3_firmware/HW/vivado.log
# Journal file: F:/XAPP1026/KC705_AxiEth_150MHZ_64KB/vfat3_firmware/HW\vivado.jou
#-----------------------------------------------------------
start_gui
open_project F:/XAPP1026/KC705_AxiEth_150MHZ_64KB/vfat3_firmware/HW/project_2.xpr
update_compile_order -fileset sources_1
set_property needs_refresh false [get_runs synth_1]
set_property needs_refresh false [get_runs impl_1]
launch_sdk -workspace F:/XAPP1026/KC705_AxiEth_150MHZ_64KB/vfat3_firmware/HW/project_2.sdk -hwspec F:/XAPP1026/KC705_AxiEth_150MHZ_64KB/vfat3_firmware/HW/project_2.sdk/mb_subsystem_wrapper.hdf
set_property needs_refresh false [get_runs synth_1]
set_property needs_refresh false [get_runs impl_1]
launch_sdk -workspace F:/XAPP1026/KC705_AxiEth_150MHZ_64KB/vfat3_firmware/HW/project_2.sdk -hwspec F:/XAPP1026/KC705_AxiEth_150MHZ_64KB/vfat3_firmware/HW/project_2.sdk/mb_subsystem_wrapper.hdf
